Archive member included to satisfy reference by file (symbol)

.\CortexM3\ARM_GCC_541\Debug\Schak_RTC_Test.a(CyLib.o)
                              .\CortexM3\ARM_GCC_541\Debug\Cm3Start.o (CyHalt)
.\CortexM3\ARM_GCC_541\Debug\Schak_RTC_Test.a(cyPm.o)
                              .\CortexM3\ARM_GCC_541\Debug\Schak_RTC_Test.a(CyLib.o) (CyPmReadStatus)
.\CortexM3\ARM_GCC_541\Debug\Schak_RTC_Test.a(USBUART.o)
                              .\CortexM3\ARM_GCC_541\Debug\main.o (USBUART_Start)
.\CortexM3\ARM_GCC_541\Debug\Schak_RTC_Test.a(USBUART_cdc.o)
                              .\CortexM3\ARM_GCC_541\Debug\main.o (USBUART_PutString)
.\CortexM3\ARM_GCC_541\Debug\Schak_RTC_Test.a(USBUART_drv.o)
                              .\CortexM3\ARM_GCC_541\Debug\Schak_RTC_Test.a(USBUART.o) (USBUART_lastPacketSize)
.\CortexM3\ARM_GCC_541\Debug\Schak_RTC_Test.a(USBUART_episr.o)
                              .\CortexM3\ARM_GCC_541\Debug\Schak_RTC_Test.a(USBUART.o) (USBUART_EP_1_ISR)
.\CortexM3\ARM_GCC_541\Debug\Schak_RTC_Test.a(USBUART_pm.o)
                              .\CortexM3\ARM_GCC_541\Debug\Schak_RTC_Test.a(USBUART.o) (USBUART_DP_ISR)
.\CortexM3\ARM_GCC_541\Debug\Schak_RTC_Test.a(USBUART_std.o)
                              .\CortexM3\ARM_GCC_541\Debug\Schak_RTC_Test.a(USBUART_pm.o) (USBUART_ConfigReg)
.\CortexM3\ARM_GCC_541\Debug\Schak_RTC_Test.a(USBUART_vnd.o)
                              .\CortexM3\ARM_GCC_541\Debug\Schak_RTC_Test.a(USBUART_drv.o) (USBUART_HandleVendorRqst)
.\CortexM3\ARM_GCC_541\Debug\Schak_RTC_Test.a(USBUART_Dp.o)
                              .\CortexM3\ARM_GCC_541\Debug\Schak_RTC_Test.a(USBUART.o) (USBUART_Dp_ClearInterrupt)
.\CortexM3\ARM_GCC_541\Debug\Schak_RTC_Test.a(I2C.o)
                              .\CortexM3\ARM_GCC_541\Debug\main.o (I2C_Start)
.\CortexM3\ARM_GCC_541\Debug\Schak_RTC_Test.a(I2C_INT.o)
                              .\CortexM3\ARM_GCC_541\Debug\Schak_RTC_Test.a(I2C.o) (I2C_ISR)
.\CortexM3\ARM_GCC_541\Debug\Schak_RTC_Test.a(I2C_PM.o)
                              .\CortexM3\ARM_GCC_541\Debug\Schak_RTC_Test.a(I2C.o) (I2C_backup)
.\CortexM3\ARM_GCC_541\Debug\Schak_RTC_Test.a(I2C_MASTER.o)
                              .\CortexM3\ARM_GCC_541\Debug\main.o (I2C_MasterWriteBuf)
.\CortexM3\ARM_GCC_541\Debug\Schak_RTC_Test.a(SEC_COUNTER.o)
                              .\CortexM3\ARM_GCC_541\Debug\main.o (SEC_COUNTER_Enable)
.\CortexM3\ARM_GCC_541\Debug\Schak_RTC_Test.a(DebugLED.o)
                              .\CortexM3\ARM_GCC_541\Debug\main.o (DebugLED_Write)
.\CortexM3\ARM_GCC_541\Debug\Schak_RTC_Test.a(CTR_SYNC_EN.o)
                              .\CortexM3\ARM_GCC_541\Debug\main.o (CTR_SYNC_EN_Write)
.\CortexM3\ARM_GCC_541\Debug\Schak_RTC_Test.a(MILLIS_COUNTER_CAPT_INT.o)
                              .\CortexM3\ARM_GCC_541\Debug\main.o (MILLIS_COUNTER_CAPT_INT_SetVector)
.\CortexM3\ARM_GCC_541\Debug\Schak_RTC_Test.a(MILLIS_COUNTER.o)
                              .\CortexM3\ARM_GCC_541\Debug\main.o (MILLIS_COUNTER_Enable)
.\CortexM3\ARM_GCC_541\Debug\Schak_RTC_Test.a(RTC_SEC_COUNTER.o)
                              .\CortexM3\ARM_GCC_541\Debug\main.o (RTC_SEC_COUNTER_Start)
.\CortexM3\ARM_GCC_541\Debug\Schak_RTC_Test.a(MILLIS_CTR_CAPTSEL.o)
                              .\CortexM3\ARM_GCC_541\Debug\main.o (MILLIS_CTR_CAPTSEL_Write)
.\CortexM3\ARM_GCC_541\Debug\Schak_RTC_Test.a(SEC_CTR_TC_INT.o)
                              .\CortexM3\ARM_GCC_541\Debug\main.o (SEC_CTR_TC_INT_SetVector)
.\CortexM3\ARM_GCC_541\Debug\Schak_RTC_Test.a(CyBootAsmGnu.o)
                              .\CortexM3\ARM_GCC_541\Debug\cyfitter_cfg.o (CyDelayCycles)
.\CortexM3\ARM_GCC_541\Debug\Schak_RTC_Test.a(CyFlash.o)
                              .\CortexM3\ARM_GCC_541\Debug\Schak_RTC_Test.a(cyPm.o) (CyFlash_SetWaitCycles)
.\CortexM3\ARM_GCC_541\Debug\Schak_RTC_Test.a(CySpc.o)
                              .\CortexM3\ARM_GCC_541\Debug\Schak_RTC_Test.a(CyFlash.o) (CySpcStart)
.\CortexM3\ARM_GCC_541\Debug\Schak_RTC_Test.a(cyutils.o)
                              .\CortexM3\ARM_GCC_541\Debug\Schak_RTC_Test.a(MILLIS_COUNTER.o) (CySetReg24)
.\CortexM3\ARM_GCC_541\Debug\Schak_RTC_Test.a(USBUART_cls.o)
                              .\CortexM3\ARM_GCC_541\Debug\Schak_RTC_Test.a(USBUART_drv.o) (USBUART_DispatchClassRqst)
.\CortexM3\ARM_GCC_541\Debug\Schak_RTC_Test.a(USBUART_descr.o)
                              .\CortexM3\ARM_GCC_541\Debug\Schak_RTC_Test.a(USBUART_std.o) (USBUART_idSerialNumberStringDescriptor)
d:/applications/cypress/psoc creator/4.4/psoc creator/import/gnu/arm/5.4.1/bin/../lib/gcc/arm-none-eabi/5.4.1/armv7-m\libgcc.a(_arm_addsubdf3.o)
                              .\CortexM3\ARM_GCC_541\Debug\main.o (__aeabi_dsub)
d:/applications/cypress/psoc creator/4.4/psoc creator/import/gnu/arm/5.4.1/bin/../lib/gcc/arm-none-eabi/5.4.1/armv7-m\libgcc.a(_arm_muldivdf3.o)
                              .\CortexM3\ARM_GCC_541\Debug\main.o (__aeabi_dmul)
[...]
Memory Configuration

Name             Origin             Length             Attributes
rom              0x00000000         0x00040000         xr
ram              0x1fff8000         0x00010000         xrw
*default*        0x00000000         0xffffffff

Linker script and memory map

LOAD d:/applications/cypress/psoc creator/4.4/psoc creator/import/gnu/arm/5.4.1/bin/../lib/gcc/arm-none-eabi/5.4.1/armv7-m/crti.o
LOAD d:/applications/cypress/psoc creator/4.4/psoc creator/import/gnu/arm/5.4.1/bin/../lib/gcc/arm-none-eabi/5.4.1/armv7-m/crtbegin.o
LOAD d:/applications/cypress/psoc creator/4.4/psoc creator/import/gnu/arm/5.4.1/bin/../lib/gcc/arm-none-eabi/5.4.1/../../../../arm-none-eabi/lib/armv7-m/crt0.o
START GROUP
LOAD .\CortexM3\ARM_GCC_541\Debug\main.o
LOAD .\CortexM3\ARM_GCC_541\Debug\cyfitter_cfg.o
LOAD .\CortexM3\ARM_GCC_541\Debug\cymetadata.o
LOAD .\CortexM3\ARM_GCC_541\Debug\Cm3Start.o
LOAD .\CortexM3\ARM_GCC_541\Debug\Schak_RTC_Test.a
LOAD D:\Applications\Cypress\PSoC Creator\4.4\PSoC Creator\psoc\content\cycomponentlibrary\CyComponentLibrary.cylib\CortexM3\ARM_GCC_541\Debug\CyComponentLibrary.a
END GROUP
START GROUP
LOAD d:/applications/cypress/psoc creator/4.4/psoc creator/import/gnu/arm/5.4.1/bin/../lib/gcc/arm-none-eabi/5.4.1/armv7-m\libgcc.a
LOAD d:/applications/cypress/psoc creator/4.4/psoc creator/import/gnu/arm/5.4.1/bin/../lib/gcc/arm-none-eabi/5.4.1/../../../../arm-none-eabi/lib/armv7-m\libg_nano.a
LOAD d:/applications/cypress/psoc creator/4.4/psoc creator/import/gnu/arm/5.4.1/bin/../lib/gcc/arm-none-eabi/5.4.1/../../../../arm-none-eabi/lib/armv7-m\libc_nano.a
END GROUP
START GROUP
LOAD d:/applications/cypress/psoc creator/4.4/psoc creator/import/gnu/arm/5.4.1/bin/../lib/gcc/arm-none-eabi/5.4.1/armv7-m\libgcc.a
LOAD d:/applications/cypress/psoc creator/4.4/psoc creator/import/gnu/arm/5.4.1/bin/../lib/gcc/arm-none-eabi/5.4.1/../../../../arm-none-eabi/lib/armv7-m\libc_nano.a
END GROUP
LOAD d:/applications/cypress/psoc creator/4.4/psoc creator/import/gnu/arm/5.4.1/bin/../lib/gcc/arm-none-eabi/5.4.1/armv7-m/crtend.o
LOAD d:/applications/cypress/psoc creator/4.4/psoc creator/import/gnu/arm/5.4.1/bin/../lib/gcc/arm-none-eabi/5.4.1/armv7-m/crtn.o
START GROUP
LOAD d:/applications/cypress/psoc creator/4.4/psoc creator/import/gnu/arm/5.4.1/bin/../lib/gcc/arm-none-eabi/5.4.1/armv7-m\libgcc.a
LOAD d:/applications/cypress/psoc creator/4.4/psoc creator/import/gnu/arm/5.4.1/bin/../lib/gcc/arm-none-eabi/5.4.1/../../../../arm-none-eabi/lib/armv7-m\libc.a
LOAD d:/applications/cypress/psoc creator/4.4/psoc creator/import/gnu/arm/5.4.1/bin/../lib/gcc/arm-none-eabi/5.4.1/../../../../arm-none-eabi/lib/armv7-m\libnosys.a
END GROUP
                0x00000000                CY_APPL_ORIGIN = 0x0
                0x00000100                CY_FLASH_ROW_SIZE = 0x100
                0x00000020                CY_ECC_ROW_SIZE = 0x20
                0x00000000                CY_EE_IN_BTLDR = 0x0
                0x00000000                CY_APPL_LOADABLE = 0x0
                0x00000800                CY_EE_SIZE = 0x800
                0x00000001                CY_APPL_NUM = 0x1
                0x00000001                CY_APPL_MAX = 0x1
                0x00000040                CY_METADATA_SIZE = 0x40
                0x00000000                CY_APPL_LOADABLE = 0x0
                0x00000000                CY_CHECKSUM_EXCLUDE_SIZE = ALIGN (0x0, CY_FLASH_ROW_SIZE)
                [!provide]                PROVIDE (__cy_heap_start, _end)
                0x00000001                PROVIDE (__cy_region_num, ((__cy_regions_end - __cy_regions) / 0x10))
                0x20008000                PROVIDE (__cy_stack, (ORIGIN (ram) + LENGTH (ram)))
                [!provide]                PROVIDE (__cy_heap_end, (__cy_stack - 0x800))

.cybootloader   0x00000000        0x0
 *(.cybootloader)
                0x00000000                appl1_start = CY_APPL_ORIGIN?CY_APPL_ORIGIN:ALIGN (CY_FLASH_ROW_SIZE)
                0x0001ff00                appl2_start = (appl1_start + ALIGN ((((LENGTH (rom) - appl1_start) - (0x2 * CY_FLASH_ROW_SIZE)) / 0x2), CY_FLASH_ROW_SIZE))
                0x00000000                appl_start = (CY_APPL_NUM == 0x1)?appl1_start:appl2_start
                0x00000000                ecc_offset = ((appl_start / CY_FLASH_ROW_SIZE) * CY_ECC_ROW_SIZE)
                0x00000000                ee_offset = (CY_APPL_LOADABLE && ! (CY_EE_IN_BTLDR))?((CY_EE_SIZE / CY_APPL_MAX) * (CY_APPL_NUM - 0x1)):0x0
                0x00000800                ee_size = (CY_APPL_LOADABLE && ! (CY_EE_IN_BTLDR))?(CY_EE_SIZE / CY_APPL_MAX):CY_EE_SIZE
                [!provide]                PROVIDE (CY_ECC_OFFSET, ecc_offset)

.text           0x00000000     0x39a8
 CREATE_OBJECT_SYMBOLS
                0x00000000                PROVIDE (__cy_interrupt_vector, RomVectors)
 *(.romvectors)
 .romvectors    0x00000000       0x10 .\CortexM3\ARM_GCC_541\Debug\Cm3Start.o
                0x00000000                RomVectors
                0x00000001                ASSERT ((. != __cy_interrupt_vector), No interrupt vector)
                0x00000001                ASSERT (CY_APPL_ORIGIN?(SIZEOF (.cybootloader) <= CY_APPL_ORIGIN):0x1, Wrong image location)
                0x00000010                PROVIDE (__cy_reset, Reset)
 *(.text.Reset)
 .text.Reset    0x00000010       0x18 .\CortexM3\ARM_GCC_541\Debug\Cm3Start.o
                0x00000010                Reset
                0x00000001                ASSERT ((. != __cy_reset), No reset code)
 *(.dma_init)
                0x00000001                ASSERT ((((appl_start + .) <= 0x10000) || 0x1), DMA Init must be within the first 64k of flash)
 *(.text .text.* .gnu.linkonce.t.*)
 .text          0x00000028       0x5c d:/applications/cypress/psoc creator/4.4/psoc creator/import/gnu/arm/5.4.1/bin/../lib/gcc/arm-none-eabi/5.4.1/armv7-m/crtbegin.o
 .text.MS_CALIBRATION_INTVECT
                0x00000084       0x14 .\CortexM3\ARM_GCC_541\Debug\main.o
                0x00000084                MS_CALIBRATION_INTVECT
 .text.SEC_CTR_TC_INTVECT
                0x00000098       0x14 .\CortexM3\ARM_GCC_541\Debug\main.o
                0x00000098                SEC_CTR_TC_INTVECT
 .text.incrMonth
                0x000000ac       0x18 .\CortexM3\ARM_GCC_541\Debug\main.o
                0x000000ac                incrMonth
 .text.incrDate
                0x000000c4       0x80 .\CortexM3\ARM_GCC_541\Debug\main.o
                0x000000c4                incrDate
 .text.incrHrs  0x00000144       0x18 .\CortexM3\ARM_GCC_541\Debug\main.o
                0x00000144                incrHrs
 .text.incrMins
                0x0000015c       0x18 .\CortexM3\ARM_GCC_541\Debug\main.o
                0x0000015c                incrMins
 .text.Time_CalibrateMillis
                0x00000174       0x44 .\CortexM3\ARM_GCC_541\Debug\main.o
                0x00000174                Time_CalibrateMillis
 .text.TimeToString
                0x000001b8       0x30 .\CortexM3\ARM_GCC_541\Debug\main.o
                0x000001b8                TimeToString
 .text.DateToString
                0x000001e8       0x50 .\CortexM3\ARM_GCC_541\Debug\main.o
                0x000001e8                DateToString
 .text.GetMillis
                0x00000238       0x40 .\CortexM3\ARM_GCC_541\Debug\main.o
                0x00000238                GetMillis
 .text.RTC_WriteAddr
                0x00000278       0x28 .\CortexM3\ARM_GCC_541\Debug\main.o
                0x00000278                RTC_WriteAddr
 .text.RTC_SetSeconds
                0x000002a0       0x50 .\CortexM3\ARM_GCC_541\Debug\main.o
                0x000002a0                RTC_SetSeconds
 .text.RTC_SetMinutes
                0x000002f0       0x50 .\CortexM3\ARM_GCC_541\Debug\main.o
                0x000002f0                RTC_SetMinutes
 .text.RTC_SetHours
                0x00000340       0x54 .\CortexM3\ARM_GCC_541\Debug\main.o
                0x00000340                RTC_SetHours
 .text.RTC_SetDay
                0x00000394       0x10 .\CortexM3\ARM_GCC_541\Debug\main.o
                0x00000394                RTC_SetDay
 .text.RTC_SetDate
                0x000003a4       0x50 .\CortexM3\ARM_GCC_541\Debug\main.o
                0x000003a4                RTC_SetDate
 .text.RTC_ReadAddr
                0x000003f4       0x40 .\CortexM3\ARM_GCC_541\Debug\main.o
                0x000003f4                RTC_ReadAddr
 .text.RTC_GetSeconds
                0x00000434       0x1c .\CortexM3\ARM_GCC_541\Debug\main.o
                0x00000434                RTC_GetSeconds
 .text.RTC_GetMinutes
                0x00000450       0x1c .\CortexM3\ARM_GCC_541\Debug\main.o
                0x00000450                RTC_GetMinutes
 .text.RTC_GetHours
                0x0000046c       0x20 .\CortexM3\ARM_GCC_541\Debug\main.o
                0x0000046c                RTC_GetHours
 .text.RTC_GetDay
                0x0000048c       0x10 .\CortexM3\ARM_GCC_541\Debug\main.o
                0x0000048c                RTC_GetDay
 .text.RTC_GetDate
                0x0000049c       0x1c .\CortexM3\ARM_GCC_541\Debug\main.o
                0x0000049c                RTC_GetDate
 .text.RTC_GetMonth
                0x000004b8       0x40 .\CortexM3\ARM_GCC_541\Debug\main.o
                0x000004b8                RTC_GetMonth
 .text.RTC_SetMonth
                0x000004f8       0x70 .\CortexM3\ARM_GCC_541\Debug\main.o
                0x000004f8                RTC_SetMonth
 .text.RTC_GetYear
                0x00000568       0x58 .\CortexM3\ARM_GCC_541\Debug\main.o
                0x00000568                RTC_GetYear
 .text.RTC_SetYear
                0x000005c0       0x6c .\CortexM3\ARM_GCC_541\Debug\main.o
                0x000005c0                RTC_SetYear
 .text.RTC_Init
                0x0000062c       0x68 .\CortexM3\ARM_GCC_541\Debug\main.o
                0x0000062c                RTC_Init
 .text.Time_Init
                0x00000694       0x68 .\CortexM3\ARM_GCC_541\Debug\main.o
                0x00000694                Time_Init
 .text.main     0x000006fc       0xdc .\CortexM3\ARM_GCC_541\Debug\main.o
                0x000006fc                main
 .text.CyClockStartupError
                0x000007d8        0x4 .\CortexM3\ARM_GCC_541\Debug\cyfitter_cfg.o
 .text.cfg_write_bytes32
                0x000007dc       0x34 .\CortexM3\ARM_GCC_541\Debug\cyfitter_cfg.o
 .text.AnalogSetDefault
                0x00000810       0x28 .\CortexM3\ARM_GCC_541\Debug\cyfitter_cfg.o
 .text.CYMEMZERO
                0x00000838        0xc .\CortexM3\ARM_GCC_541\Debug\cyfitter_cfg.o
 .text.ClockSetup
                0x00000844      0x104 .\CortexM3\ARM_GCC_541\Debug\cyfitter_cfg.o
 .text.CYCONFIGCPY
                0x00000948        0x8 .\CortexM3\ARM_GCC_541\Debug\cyfitter_cfg.o
 .text.cyfitter_cfg
                0x00000950      0x118 .\CortexM3\ARM_GCC_541\Debug\cyfitter_cfg.o
                0x00000950                cyfitter_cfg
 .text.IntDefaultHandler
                0x00000a68       0x10 .\CortexM3\ARM_GCC_541\Debug\Cm3Start.o
                0x00000a68                IntDefaultHandler
 .text._sbrk    0x00000a78       0x30 .\CortexM3\ARM_GCC_541\Debug\Cm3Start.o
                0x00000a78                _sbrk
 .text.Start_c  0x00000aa8       0x4c .\CortexM3\ARM_GCC_541\Debug\Cm3Start.o
                0x00000aa8                Start_c
 .text.initialize_psoc
                0x00000af4       0x68 .\CortexM3\ARM_GCC_541\Debug\Cm3Start.o
                0x00000af4                initialize_psoc
 .text.CyHalt   0x00000b5c        0x4 .\CortexM3\ARM_GCC_541\Debug\Schak_RTC_Test.a(CyLib.o)
                0x00000b5c                CyHalt
 .text.CyDelay  0x00000b60       0x2c .\CortexM3\ARM_GCC_541\Debug\Schak_RTC_Test.a(CyLib.o)
                0x00000b60                CyDelay
 .text.CyDelayUs
                0x00000b8c       0x14 .\CortexM3\ARM_GCC_541\Debug\Schak_RTC_Test.a(CyLib.o)
                0x00000b8c                CyDelayUs
 .text.CyIntSetVector
                0x00000ba0       0x28 .\CortexM3\ARM_GCC_541\Debug\Schak_RTC_Test.a(CyLib.o)
                0x00000ba0                CyIntSetVector
 .text.CyIntSetPriority
                0x00000bc8       0x30 .\CortexM3\ARM_GCC_541\Debug\Schak_RTC_Test.a(CyLib.o)
                0x00000bc8                CyIntSetPriority
 .text.CyGetUniqueId
                0x00000bf8       0x70 .\CortexM3\ARM_GCC_541\Debug\Schak_RTC_Test.a(CyLib.o)
                0x00000bf8                CyGetUniqueId
 .text.USBUART_Init
                0x00000c68      0x140 .\CortexM3\ARM_GCC_541\Debug\Schak_RTC_Test.a(USBUART.o)
                0x00000c68                USBUART_Init
 .text.USBUART_InitComponent
                0x00000da8       0xb8 .\CortexM3\ARM_GCC_541\Debug\Schak_RTC_Test.a(USBUART.o)
                0x00000da8                USBUART_InitComponent
 .text.USBUART_Start
                0x00000e60       0x24 .\CortexM3\ARM_GCC_541\Debug\Schak_RTC_Test.a(USBUART.o)
                0x00000e60                USBUART_Start
 .text.USBUART_ReInitComponent
                0x00000e84       0x4c .\CortexM3\ARM_GCC_541\Debug\Schak_RTC_Test.a(USBUART.o)
                0x00000e84                USBUART_ReInitComponent
 .text.USBUART_GetConfiguration
                0x00000ed0        0xc .\CortexM3\ARM_GCC_541\Debug\Schak_RTC_Test.a(USBUART.o)
                0x00000ed0                USBUART_GetConfiguration
 .text.USBUART_LoadInEP
                0x00000edc       0x94 .\CortexM3\ARM_GCC_541\Debug\Schak_RTC_Test.a(USBUART.o)
                0x00000edc                USBUART_LoadInEP
 .text.USBUART_StrLen
                0x00000f70       0x14 .\CortexM3\ARM_GCC_541\Debug\Schak_RTC_Test.a(USBUART_cdc.o)
 .text.USBUART_GetInterfaceComPort
                0x00000f84       0x38 .\CortexM3\ARM_GCC_541\Debug\Schak_RTC_Test.a(USBUART_cdc.o)
                0x00000f84                USBUART_GetInterfaceComPort
 .text.USBUART_DispatchCDCClassRqst
                0x00000fbc       0x98 .\CortexM3\ARM_GCC_541\Debug\Schak_RTC_Test.a(USBUART_cdc.o)
                0x00000fbc                USBUART_DispatchCDCClassRqst
 .text.USBUART_PutString
                0x00001054       0xa0 .\CortexM3\ARM_GCC_541\Debug\Schak_RTC_Test.a(USBUART_cdc.o)
                0x00001054                USBUART_PutString
 .text.USBUART_Cdc_EpInit
                0x000010f4       0x50 .\CortexM3\ARM_GCC_541\Debug\Schak_RTC_Test.a(USBUART_cdc.o)
                0x000010f4                USBUART_Cdc_EpInit
 .text.USBUART_LoadEP0
                0x00001144       0x98 .\CortexM3\ARM_GCC_541\Debug\Schak_RTC_Test.a(USBUART_drv.o)
                0x00001144                USBUART_LoadEP0
 .text.USBUART_InitZeroLengthControlTransfer
                0x000011dc       0x34 .\CortexM3\ARM_GCC_541\Debug\Schak_RTC_Test.a(USBUART_drv.o)
                0x000011dc                USBUART_InitZeroLengthControlTransfer
 .text.USBUART_ControlReadDataStage
                0x00001210        0x8 .\CortexM3\ARM_GCC_541\Debug\Schak_RTC_Test.a(USBUART_drv.o)
                0x00001210                USBUART_ControlReadDataStage
 .text.USBUART_ControlWriteDataStage
                0x00001218       0x84 .\CortexM3\ARM_GCC_541\Debug\Schak_RTC_Test.a(USBUART_drv.o)
                0x00001218                USBUART_ControlWriteDataStage
 .text.USBUART_InitNoDataControlTransfer
                0x0000129c       0x2c .\CortexM3\ARM_GCC_541\Debug\Schak_RTC_Test.a(USBUART_drv.o)
                0x0000129c                USBUART_InitNoDataControlTransfer
 .text.USBUART_UpdateStatusBlock
                0x000012c8       0x24 .\CortexM3\ARM_GCC_541\Debug\Schak_RTC_Test.a(USBUART_drv.o)
                0x000012c8                USBUART_UpdateStatusBlock
 .text.USBUART_HandleSetup
                0x000012ec       0x5c .\CortexM3\ARM_GCC_541\Debug\Schak_RTC_Test.a(USBUART_drv.o)
                0x000012ec                USBUART_HandleSetup
 .text.USBUART_ControlReadStatusStage
                0x00001348       0x38 .\CortexM3\ARM_GCC_541\Debug\Schak_RTC_Test.a(USBUART_drv.o)
                0x00001348                USBUART_ControlReadStatusStage
 .text.USBUART_HandleOUT
                0x00001380       0x38 .\CortexM3\ARM_GCC_541\Debug\Schak_RTC_Test.a(USBUART_drv.o)
                0x00001380                USBUART_HandleOUT
 .text.USBUART_ControlWriteStatusStage
                0x000013b8       0x20 .\CortexM3\ARM_GCC_541\Debug\Schak_RTC_Test.a(USBUART_drv.o)
                0x000013b8                USBUART_ControlWriteStatusStage
 .text.USBUART_NoDataControlStatusStage
                0x000013d8       0x40 .\CortexM3\ARM_GCC_541\Debug\Schak_RTC_Test.a(USBUART_drv.o)
                0x000013d8                USBUART_NoDataControlStatusStage
 .text.USBUART_HandleIN
                0x00001418       0x2c .\CortexM3\ARM_GCC_541\Debug\Schak_RTC_Test.a(USBUART_drv.o)
                0x00001418                USBUART_HandleIN
 .text.USBUART_EP_0_ISR
                0x00001444       0xb8 .\CortexM3\ARM_GCC_541\Debug\Schak_RTC_Test.a(USBUART_drv.o)
                0x00001444                USBUART_EP_0_ISR
 .text.USBUART_InitializeStatusBlock
                0x000014fc       0x24 .\CortexM3\ARM_GCC_541\Debug\Schak_RTC_Test.a(USBUART_drv.o)
                0x000014fc                USBUART_InitializeStatusBlock
 .text.USBUART_InitControlRead
                0x00001520       0x50 .\CortexM3\ARM_GCC_541\Debug\Schak_RTC_Test.a(USBUART_drv.o)
                0x00001520                USBUART_InitControlRead
 .text.USBUART_InitControlWrite
                0x00001570       0x48 .\CortexM3\ARM_GCC_541\Debug\Schak_RTC_Test.a(USBUART_drv.o)
                0x00001570                USBUART_InitControlWrite
 .text.USBUART_EP_1_ISR
                0x000015b8       0x30 .\CortexM3\ARM_GCC_541\Debug\Schak_RTC_Test.a(USBUART_episr.o)
                0x000015b8                USBUART_EP_1_ISR
 .text.USBUART_EP_2_ISR
                0x000015e8       0x34 .\CortexM3\ARM_GCC_541\Debug\Schak_RTC_Test.a(USBUART_episr.o)
                0x000015e8                USBUART_EP_2_ISR
 .text.USBUART_EP_3_ISR
                0x0000161c       0x3c .\CortexM3\ARM_GCC_541\Debug\Schak_RTC_Test.a(USBUART_episr.o)
                0x0000161c                USBUART_EP_3_ISR
 .text.USBUART_SOF_ISR
                0x00001658        0x4 .\CortexM3\ARM_GCC_541\Debug\Schak_RTC_Test.a(USBUART_episr.o)
                0x00001658                USBUART_SOF_ISR
 .text.USBUART_BUS_RESET_ISR
                0x0000165c        0x8 .\CortexM3\ARM_GCC_541\Debug\Schak_RTC_Test.a(USBUART_episr.o)
                0x0000165c                USBUART_BUS_RESET_ISR
 .text.USBUART_DP_ISR
                0x00001664        0x8 .\CortexM3\ARM_GCC_541\Debug\Schak_RTC_Test.a(USBUART_pm.o)
                0x00001664                USBUART_DP_ISR
 .text.USBUART_ReadDieID
                0x0000166c       0x6c .\CortexM3\ARM_GCC_541\Debug\Schak_RTC_Test.a(USBUART_std.o)
                0x0000166c                USBUART_ReadDieID
 .text.USBUART_ConfigReg
                0x000016d8       0xa4 .\CortexM3\ARM_GCC_541\Debug\Schak_RTC_Test.a(USBUART_std.o)
                0x000016d8                USBUART_ConfigReg
 .text.USBUART_GetConfigTablePtr
                0x0000177c       0x28 .\CortexM3\ARM_GCC_541\Debug\Schak_RTC_Test.a(USBUART_std.o)
                0x0000177c                USBUART_GetConfigTablePtr
 .text.USBUART_ConfigAltChanged
                0x000017a4      0x11c .\CortexM3\ARM_GCC_541\Debug\Schak_RTC_Test.a(USBUART_std.o)
                0x000017a4                USBUART_ConfigAltChanged
 .text.USBUART_GetDeviceTablePtr
                0x000018c0       0x18 .\CortexM3\ARM_GCC_541\Debug\Schak_RTC_Test.a(USBUART_std.o)
                0x000018c0                USBUART_GetDeviceTablePtr
 .text.USBUART_GetInterfaceClassTablePtr
                0x000018d8       0x28 .\CortexM3\ARM_GCC_541\Debug\Schak_RTC_Test.a(USBUART_std.o)
                0x000018d8                USBUART_GetInterfaceClassTablePtr
 .text.USBUART_Config
                0x00001900      0x1ec .\CortexM3\ARM_GCC_541\Debug\Schak_RTC_Test.a(USBUART_std.o)
                0x00001900                USBUART_Config
 .text.USBUART_SetEndpointHalt
                0x00001aec       0x64 .\CortexM3\ARM_GCC_541\Debug\Schak_RTC_Test.a(USBUART_std.o)
                0x00001aec                USBUART_SetEndpointHalt
 .text.USBUART_ClearEndpointHalt
                0x00001b50       0xac .\CortexM3\ARM_GCC_541\Debug\Schak_RTC_Test.a(USBUART_std.o)
                0x00001b50                USBUART_ClearEndpointHalt
 .text.USBUART_ValidateAlternateSetting
                0x00001bfc       0x4c .\CortexM3\ARM_GCC_541\Debug\Schak_RTC_Test.a(USBUART_std.o)
                0x00001bfc                USBUART_ValidateAlternateSetting
 .text.USBUART_HandleStandardRqst
                0x00001c48      0x354 .\CortexM3\ARM_GCC_541\Debug\Schak_RTC_Test.a(USBUART_std.o)
                0x00001c48                USBUART_HandleStandardRqst
 .text.USBUART_HandleVendorRqst
                0x00001f9c       0x18 .\CortexM3\ARM_GCC_541\Debug\Schak_RTC_Test.a(USBUART_vnd.o)
                0x00001f9c                USBUART_HandleVendorRqst
 .text.USBUART_Dp_ClearInterrupt
                0x00001fb4       0x10 .\CortexM3\ARM_GCC_541\Debug\Schak_RTC_Test.a(USBUART_Dp.o)
                0x00001fb4                USBUART_Dp_ClearInterrupt
 .text.I2C_Init
                0x00001fc4       0x68 .\CortexM3\ARM_GCC_541\Debug\Schak_RTC_Test.a(I2C.o)
                0x00001fc4                I2C_Init
 .text.I2C_Enable
                0x0000202c       0x24 .\CortexM3\ARM_GCC_541\Debug\Schak_RTC_Test.a(I2C.o)
                0x0000202c                I2C_Enable
 .text.I2C_Start
                0x00002050       0x28 .\CortexM3\ARM_GCC_541\Debug\Schak_RTC_Test.a(I2C.o)
                0x00002050                I2C_Start
 .text.I2C_ISR  0x00002078      0x2d0 .\CortexM3\ARM_GCC_541\Debug\Schak_RTC_Test.a(I2C_INT.o)
                0x00002078                I2C_ISR
 .text.I2C_MasterWriteBuf
                0x00002348       0xcc .\CortexM3\ARM_GCC_541\Debug\Schak_RTC_Test.a(I2C_MASTER.o)
                0x00002348                I2C_MasterWriteBuf
 .text.I2C_MasterReadBuf
                0x00002414       0xd0 .\CortexM3\ARM_GCC_541\Debug\Schak_RTC_Test.a(I2C_MASTER.o)
                0x00002414                I2C_MasterReadBuf
 .text.I2C_MasterStatus
                0x000024e4       0x38 .\CortexM3\ARM_GCC_541\Debug\Schak_RTC_Test.a(I2C_MASTER.o)
                0x000024e4                I2C_MasterStatus
 .text.SEC_COUNTER_Enable
                0x0000251c       0x10 .\CortexM3\ARM_GCC_541\Debug\Schak_RTC_Test.a(SEC_COUNTER.o)
                0x0000251c                SEC_COUNTER_Enable
 .text.SEC_COUNTER_Stop
                0x0000252c       0x10 .\CortexM3\ARM_GCC_541\Debug\Schak_RTC_Test.a(SEC_COUNTER.o)
                0x0000252c                SEC_COUNTER_Stop
 .text.SEC_COUNTER_SetInterruptMode
                0x0000253c        0xc .\CortexM3\ARM_GCC_541\Debug\Schak_RTC_Test.a(SEC_COUNTER.o)
                0x0000253c                SEC_COUNTER_SetInterruptMode
 .text.SEC_COUNTER_ReadStatusRegister
                0x00002548        0xc .\CortexM3\ARM_GCC_541\Debug\Schak_RTC_Test.a(SEC_COUNTER.o)
                0x00002548                SEC_COUNTER_ReadStatusRegister
 .text.SEC_COUNTER_WriteCounter
                0x00002554        0xc .\CortexM3\ARM_GCC_541\Debug\Schak_RTC_Test.a(SEC_COUNTER.o)
                0x00002554                SEC_COUNTER_WriteCounter
 .text.SEC_COUNTER_ReadCounter
                0x00002560       0x14 .\CortexM3\ARM_GCC_541\Debug\Schak_RTC_Test.a(SEC_COUNTER.o)
                0x00002560                SEC_COUNTER_ReadCounter
 .text.SEC_COUNTER_ReadCapture
                0x00002574        0xc .\CortexM3\ARM_GCC_541\Debug\Schak_RTC_Test.a(SEC_COUNTER.o)
                0x00002574                SEC_COUNTER_ReadCapture
 .text.SEC_COUNTER_WritePeriod
                0x00002580        0xc .\CortexM3\ARM_GCC_541\Debug\Schak_RTC_Test.a(SEC_COUNTER.o)
                0x00002580                SEC_COUNTER_WritePeriod
 .text.SEC_COUNTER_WriteCompare
                0x0000258c        0xc .\CortexM3\ARM_GCC_541\Debug\Schak_RTC_Test.a(SEC_COUNTER.o)
                0x0000258c                SEC_COUNTER_WriteCompare
 .text.SEC_COUNTER_ClearFIFO
                0x00002598       0x14 .\CortexM3\ARM_GCC_541\Debug\Schak_RTC_Test.a(SEC_COUNTER.o)
                0x00002598                SEC_COUNTER_ClearFIFO
 .text.SEC_COUNTER_Init
                0x000025ac       0x50 .\CortexM3\ARM_GCC_541\Debug\Schak_RTC_Test.a(SEC_COUNTER.o)
                0x000025ac                SEC_COUNTER_Init
 .text.SEC_COUNTER_Start
                0x000025fc       0x1c .\CortexM3\ARM_GCC_541\Debug\Schak_RTC_Test.a(SEC_COUNTER.o)
                0x000025fc                SEC_COUNTER_Start
 .text.DebugLED_Write
                0x00002618       0x18 .\CortexM3\ARM_GCC_541\Debug\Schak_RTC_Test.a(DebugLED.o)
                0x00002618                DebugLED_Write
 .text.DebugLED_Read
                0x00002630       0x10 .\CortexM3\ARM_GCC_541\Debug\Schak_RTC_Test.a(DebugLED.o)
                0x00002630                DebugLED_Read
 .text.CTR_SYNC_EN_Write
                0x00002640        0xc .\CortexM3\ARM_GCC_541\Debug\Schak_RTC_Test.a(CTR_SYNC_EN.o)
                0x00002640                CTR_SYNC_EN_Write
 .text.MILLIS_COUNTER_CAPT_INT_SetVector
                0x0000264c        0xc .\CortexM3\ARM_GCC_541\Debug\Schak_RTC_Test.a(MILLIS_COUNTER_CAPT_INT.o)
                0x0000264c                MILLIS_COUNTER_CAPT_INT_SetVector
 .text.MILLIS_COUNTER_CAPT_INT_Enable
                0x00002658        0xc .\CortexM3\ARM_GCC_541\Debug\Schak_RTC_Test.a(MILLIS_COUNTER_CAPT_INT.o)
                0x00002658                MILLIS_COUNTER_CAPT_INT_Enable
 .text.MILLIS_COUNTER_CAPT_INT_Disable
                0x00002664        0xc .\CortexM3\ARM_GCC_541\Debug\Schak_RTC_Test.a(MILLIS_COUNTER_CAPT_INT.o)
                0x00002664                MILLIS_COUNTER_CAPT_INT_Disable
 .text.MILLIS_COUNTER_CAPT_INT_ClearPending
                0x00002670        0xc .\CortexM3\ARM_GCC_541\Debug\Schak_RTC_Test.a(MILLIS_COUNTER_CAPT_INT.o)
                0x00002670                MILLIS_COUNTER_CAPT_INT_ClearPending
 .text.MILLIS_COUNTER_Enable
                0x0000267c       0x10 .\CortexM3\ARM_GCC_541\Debug\Schak_RTC_Test.a(MILLIS_COUNTER.o)
                0x0000267c                MILLIS_COUNTER_Enable
 .text.MILLIS_COUNTER_SetInterruptMode
                0x0000268c        0xc .\CortexM3\ARM_GCC_541\Debug\Schak_RTC_Test.a(MILLIS_COUNTER.o)
                0x0000268c                MILLIS_COUNTER_SetInterruptMode
 .text.MILLIS_COUNTER_ReadStatusRegister
                0x00002698        0xc .\CortexM3\ARM_GCC_541\Debug\Schak_RTC_Test.a(MILLIS_COUNTER.o)
                0x00002698                MILLIS_COUNTER_ReadStatusRegister
 .text.MILLIS_COUNTER_WriteCounter
                0x000026a4       0x10 .\CortexM3\ARM_GCC_541\Debug\Schak_RTC_Test.a(MILLIS_COUNTER.o)
                0x000026a4                MILLIS_COUNTER_WriteCounter
 .text.MILLIS_COUNTER_ReadCounter
                0x000026b4       0x18 .\CortexM3\ARM_GCC_541\Debug\Schak_RTC_Test.a(MILLIS_COUNTER.o)
                0x000026b4                MILLIS_COUNTER_ReadCounter
 .text.MILLIS_COUNTER_ReadCapture
                0x000026cc       0x10 .\CortexM3\ARM_GCC_541\Debug\Schak_RTC_Test.a(MILLIS_COUNTER.o)
                0x000026cc                MILLIS_COUNTER_ReadCapture
 .text.MILLIS_COUNTER_WritePeriod
                0x000026dc       0x10 .\CortexM3\ARM_GCC_541\Debug\Schak_RTC_Test.a(MILLIS_COUNTER.o)
                0x000026dc                MILLIS_COUNTER_WritePeriod
 .text.MILLIS_COUNTER_ReadPeriod
                0x000026ec       0x10 .\CortexM3\ARM_GCC_541\Debug\Schak_RTC_Test.a(MILLIS_COUNTER.o)
                0x000026ec                MILLIS_COUNTER_ReadPeriod
 .text.MILLIS_COUNTER_WriteCompare
                0x000026fc       0x10 .\CortexM3\ARM_GCC_541\Debug\Schak_RTC_Test.a(MILLIS_COUNTER.o)
                0x000026fc                MILLIS_COUNTER_WriteCompare
 .text.MILLIS_COUNTER_ClearFIFO
                0x0000270c       0x14 .\CortexM3\ARM_GCC_541\Debug\Schak_RTC_Test.a(MILLIS_COUNTER.o)
                0x0000270c                MILLIS_COUNTER_ClearFIFO
 .text.MILLIS_COUNTER_Init
                0x00002720       0x5c .\CortexM3\ARM_GCC_541\Debug\Schak_RTC_Test.a(MILLIS_COUNTER.o)
                0x00002720                MILLIS_COUNTER_Init
 .text.MILLIS_COUNTER_Start
                0x0000277c       0x1c .\CortexM3\ARM_GCC_541\Debug\Schak_RTC_Test.a(MILLIS_COUNTER.o)
                0x0000277c                MILLIS_COUNTER_Start
 .text.RTC_SEC_COUNTER_Enable
                0x00002798       0x10 .\CortexM3\ARM_GCC_541\Debug\Schak_RTC_Test.a(RTC_SEC_COUNTER.o)
                0x00002798                RTC_SEC_COUNTER_Enable
 .text.RTC_SEC_COUNTER_SetInterruptMode
                0x000027a8        0xc .\CortexM3\ARM_GCC_541\Debug\Schak_RTC_Test.a(RTC_SEC_COUNTER.o)
                0x000027a8                RTC_SEC_COUNTER_SetInterruptMode
 .text.RTC_SEC_COUNTER_ReadStatusRegister
                0x000027b4        0xc .\CortexM3\ARM_GCC_541\Debug\Schak_RTC_Test.a(RTC_SEC_COUNTER.o)
                0x000027b4                RTC_SEC_COUNTER_ReadStatusRegister
 .text.RTC_SEC_COUNTER_WritePeriod
                0x000027c0        0xc .\CortexM3\ARM_GCC_541\Debug\Schak_RTC_Test.a(RTC_SEC_COUNTER.o)
                0x000027c0                RTC_SEC_COUNTER_WritePeriod
 .text.RTC_SEC_COUNTER_ReadCapture
                0x000027cc        0xc .\CortexM3\ARM_GCC_541\Debug\Schak_RTC_Test.a(RTC_SEC_COUNTER.o)
                0x000027cc                RTC_SEC_COUNTER_ReadCapture
 .text.RTC_SEC_COUNTER_WriteCounter
                0x000027d8        0xc .\CortexM3\ARM_GCC_541\Debug\Schak_RTC_Test.a(RTC_SEC_COUNTER.o)
                0x000027d8                RTC_SEC_COUNTER_WriteCounter
 .text.RTC_SEC_COUNTER_ClearFIFO
                0x000027e4       0x14 .\CortexM3\ARM_GCC_541\Debug\Schak_RTC_Test.a(RTC_SEC_COUNTER.o)
                0x000027e4                RTC_SEC_COUNTER_ClearFIFO
 .text.RTC_SEC_COUNTER_Init
                0x000027f8       0x34 .\CortexM3\ARM_GCC_541\Debug\Schak_RTC_Test.a(RTC_SEC_COUNTER.o)
                0x000027f8                RTC_SEC_COUNTER_Init
 .text.RTC_SEC_COUNTER_Start
                0x0000282c       0x1c .\CortexM3\ARM_GCC_541\Debug\Schak_RTC_Test.a(RTC_SEC_COUNTER.o)
                0x0000282c                RTC_SEC_COUNTER_Start
 .text.MILLIS_CTR_CAPTSEL_Write
                0x00002848        0xc .\CortexM3\ARM_GCC_541\Debug\Schak_RTC_Test.a(MILLIS_CTR_CAPTSEL.o)
                0x00002848                MILLIS_CTR_CAPTSEL_Write
 .text.SEC_CTR_TC_INT_SetVector
                0x00002854        0xc .\CortexM3\ARM_GCC_541\Debug\Schak_RTC_Test.a(SEC_CTR_TC_INT.o)
                0x00002854                SEC_CTR_TC_INT_SetVector
 .text.SEC_CTR_TC_INT_Enable
                0x00002860        0xc .\CortexM3\ARM_GCC_541\Debug\Schak_RTC_Test.a(SEC_CTR_TC_INT.o)
                0x00002860                SEC_CTR_TC_INT_Enable
 .text.SEC_CTR_TC_INT_ClearPending
                0x0000286c        0xc .\CortexM3\ARM_GCC_541\Debug\Schak_RTC_Test.a(SEC_CTR_TC_INT.o)
                0x0000286c                SEC_CTR_TC_INT_ClearPending
 .text          0x00002878       0x20 .\CortexM3\ARM_GCC_541\Debug\Schak_RTC_Test.a(CyBootAsmGnu.o)
                0x00002878                CyDelayCycles
                0x00002888                CyEnterCriticalSection
                0x00002890                CyExitCriticalSection
 .text.CySetReg24
                0x00002898       0x14 .\CortexM3\ARM_GCC_541\Debug\Schak_RTC_Test.a(cyutils.o)
                0x00002898                CySetReg24
 .text.USBUART_DispatchClassRqst
                0x000028ac       0x60 .\CortexM3\ARM_GCC_541\Debug\Schak_RTC_Test.a(USBUART_cls.o)
                0x000028ac                USBUART_DispatchClassRqst
 .text          0x0000290c      0x370 d:/applications/cypress/psoc creator/4.4/psoc creator/import/gnu/arm/5.4.1/bin/../lib/gcc/arm-none-eabi/5.4.1/armv7-m\libgcc.a(_arm_addsubdf3.o)
                0x0000290c                __aeabi_drsub
                0x00002914                __aeabi_dsub
                0x00002914                __subdf3
                0x00002918                __aeabi_dadd
                0x00002918                __adddf3
                0x00002b90                __floatunsidf
                0x00002b90                __aeabi_ui2d
                0x00002bb0                __floatsidf
                0x00002bb0                __aeabi_i2d
                0x00002bd4                __aeabi_f2d
                0x00002bd4                __extendsfdf2
                0x00002c10                __floatundidf
                0x00002c10                __aeabi_ul2d
                0x00002c20                __floatdidf
                0x00002c20                __aeabi_l2d
 .text          0x00002c7c      0x424 d:/applications/cypress/psoc creator/4.4/psoc creator/import/gnu/arm/5.4.1/bin/../lib/gcc/arm-none-eabi/5.4.1/armv7-m\libgcc.a(_arm_muldivdf3.o)
                0x00002c7c                __aeabi_dmul
                0x00002c7c                __muldf3
                0x00002ed0                __divdf3
                0x00002ed0                __aeabi_ddiv
 .text          0x000030a0       0x40 d:/applications/cypress/psoc creator/4.4/psoc creator/import/gnu/arm/5.4.1/bin/../lib/gcc/arm-none-eabi/5.4.1/armv7-m\libgcc.a(_arm_fixunsdfsi.o)
                0x000030a0                __aeabi_d2uiz
                0x000030a0                __fixunsdfsi
 .text.__errno  0x000030e0        0xc d:/applications/cypress/psoc creator/4.4/psoc creator/import/gnu/arm/5.4.1/bin/../lib/gcc/arm-none-eabi/5.4.1/../../../../arm-none-eabi/lib/armv7-m\libg_nano.a(lib_a-errno.o)
                0x000030e0                __errno
 .text.__libc_init_array
                0x000030ec       0x4c d:/applications/cypress/psoc creator/4.4/psoc creator/import/gnu/arm/5.4.1/bin/../lib/gcc/arm-none-eabi/5.4.1/../../../../arm-none-eabi/lib/armv7-m\libg_nano.a(lib_a-init.o)
                0x000030ec                __libc_init_array
 .text.memcpy   0x00003138       0x16 d:/applications/cypress/psoc creator/4.4/psoc creator/import/gnu/arm/5.4.1/bin/../lib/gcc/arm-none-eabi/5.4.1/../../../../arm-none-eabi/lib/armv7-m\libg_nano.a(lib_a-memcpy-stub.o)
                0x00003138                memcpy
 .text.memset   0x0000314e       0x10 d:/applications/cypress/psoc creator/4.4/psoc creator/import/gnu/arm/5.4.1/bin/../lib/gcc/arm-none-eabi/5.4.1/../../../../arm-none-eabi/lib/armv7-m\libg_nano.a(lib_a-memset.o)
                0x0000314e                memset
 *fill*         0x0000315e        0x2 
 .text.sprintf  0x00003160       0x48 d:/applications/cypress/psoc creator/4.4/psoc creator/import/gnu/arm/5.4.1/bin/../lib/gcc/arm-none-eabi/5.4.1/../../../../arm-none-eabi/lib/armv7-m\libg_nano.a(lib_a-sprintf.o)
                0x00003160                siprintf
                0x00003160                sprintf
 .text.__ssputs_r
                0x000031a8       0xb2 d:/applications/cypress/psoc creator/4.4/psoc creator/import/gnu/arm/5.4.1/bin/../lib/gcc/arm-none-eabi/5.4.1/../../../../arm-none-eabi/lib/armv7-m\libg_nano.a(lib_a-nano-svfprintf.o)
                0x000031a8                __ssputs_r
 *fill*         0x0000325a        0x2 
 .text._svfprintf_r
                0x0000325c      0x1e8 d:/applications/cypress/psoc creator/4.4/psoc creator/import/gnu/arm/5.4.1/bin/../lib/gcc/arm-none-eabi/5.4.1/../../../../arm-none-eabi/lib/armv7-m\libg_nano.a(lib_a-nano-svfprintf.o)
                0x0000325c                _svfiprintf_r
                0x0000325c                _svfprintf_r
 .text._printf_common
                0x00003444       0xec d:/applications/cypress/psoc creator/4.4/psoc creator/import/gnu/arm/5.4.1/bin/../lib/gcc/arm-none-eabi/5.4.1/../../../../arm-none-eabi/lib/armv7-m\libg_nano.a(lib_a-nano-vfprintf_i.o)
                0x00003444                _printf_common
 .text._printf_i
                0x00003530      0x24c d:/applications/cypress/psoc creator/4.4/psoc creator/import/gnu/arm/5.4.1/bin/../lib/gcc/arm-none-eabi/5.4.1/../../../../arm-none-eabi/lib/armv7-m\libg_nano.a(lib_a-nano-vfprintf_i.o)
                0x00003530                _printf_i
 .text.memchr   0x0000377c       0x1c d:/applications/cypress/psoc creator/4.4/psoc creator/import/gnu/arm/5.4.1/bin/../lib/gcc/arm-none-eabi/5.4.1/../../../../arm-none-eabi/lib/armv7-m\libg_nano.a(lib_a-memchr-stub.o)
                0x0000377c                memchr
 .text.memmove  0x00003798       0x36 d:/applications/cypress/psoc creator/4.4/psoc creator/import/gnu/arm/5.4.1/bin/../lib/gcc/arm-none-eabi/5.4.1/../../../../arm-none-eabi/lib/armv7-m\libg_nano.a(lib_a-memmove.o)
                0x00003798                memmove
 *fill*         0x000037ce        0x2 
 .text._free_r  0x000037d0       0x98 d:/applications/cypress/psoc creator/4.4/psoc creator/import/gnu/arm/5.4.1/bin/../lib/gcc/arm-none-eabi/5.4.1/../../../../arm-none-eabi/lib/armv7-m\libg_nano.a(lib_a-nano-freer.o)
                0x000037d0                _free_r
 .text._malloc_r
                0x00003868       0xbc d:/applications/cypress/psoc creator/4.4/psoc creator/import/gnu/arm/5.4.1/bin/../lib/gcc/arm-none-eabi/5.4.1/../../../../arm-none-eabi/lib/armv7-m\libg_nano.a(lib_a-nano-mallocr.o)
                0x00003868                _malloc_r
 .text._realloc_r
                0x00003924       0x4c d:/applications/cypress/psoc creator/4.4/psoc creator/import/gnu/arm/5.4.1/bin/../lib/gcc/arm-none-eabi/5.4.1/../../../../arm-none-eabi/lib/armv7-m\libg_nano.a(lib_a-nano-reallocr.o)
                0x00003924                _realloc_r
 .text._sbrk_r  0x00003970       0x20 d:/applications/cypress/psoc creator/4.4/psoc creator/import/gnu/arm/5.4.1/bin/../lib/gcc/arm-none-eabi/5.4.1/../../../../arm-none-eabi/lib/armv7-m\libg_nano.a(lib_a-sbrkr.o)
                0x00003970                _sbrk_r
 .text.__malloc_lock
                0x00003990        0x2 d:/applications/cypress/psoc creator/4.4/psoc creator/import/gnu/arm/5.4.1/bin/../lib/gcc/arm-none-eabi/5.4.1/../../../../arm-none-eabi/lib/armv7-m\libg_nano.a(lib_a-mlock.o)
                0x00003990                __malloc_lock
 .text.__malloc_unlock
                0x00003992        0x2 d:/applications/cypress/psoc creator/4.4/psoc creator/import/gnu/arm/5.4.1/bin/../lib/gcc/arm-none-eabi/5.4.1/../../../../arm-none-eabi/lib/armv7-m\libg_nano.a(lib_a-mlock.o)
                0x00003992                __malloc_unlock
 .text._malloc_usable_size_r
                0x00003994       0x14 d:/applications/cypress/psoc creator/4.4/psoc creator/import/gnu/arm/5.4.1/bin/../lib/gcc/arm-none-eabi/5.4.1/../../../../arm-none-eabi/lib/armv7-m\libg_nano.a(lib_a-nano-msizer.o)
                0x00003994                _malloc_usable_size_r
 *(.plt)
 *(.gnu.warning)
 *(.glue_7t)
 .glue_7t       0x000039a8        0x0 linker stubs
 *(.glue_7)
 .glue_7        0x000039a8        0x0 linker stubs
 *(.vfp11_veneer)
 .vfp11_veneer  0x000039a8        0x0 linker stubs
 *(.bootloader)
 *(.ARM.extab* .gnu.linkonce.armextab.*)
 *(.gcc_except_table)

.v4_bx          0x000039a8        0x0
 .v4_bx         0x000039a8        0x0 linker stubs

.iplt           0x000039a8        0x0
 .iplt          0x000039a8        0x0 d:/applications/cypress/psoc creator/4.4/psoc creator/import/gnu/arm/5.4.1/bin/../lib/gcc/arm-none-eabi/5.4.1/armv7-m/crtbegin.o

.eh_frame_hdr
 *(.eh_frame_hdr)

.eh_frame       0x000039a8        0x4
 *(.eh_frame)
 .eh_frame      0x000039a8        0x0 d:/applications/cypress/psoc creator/4.4/psoc creator/import/gnu/arm/5.4.1/bin/../lib/gcc/arm-none-eabi/5.4.1/armv7-m/crtbegin.o
 .eh_frame      0x000039a8        0x4 d:/applications/cypress/psoc creator/4.4/psoc creator/import/gnu/arm/5.4.1/bin/../lib/gcc/arm-none-eabi/5.4.1/armv7-m/crtend.o
                [!provide]                PROVIDE (__exidx_start, .)

.ARM.exidx
 *(.ARM.exidx* .gnu.linkonce.armexidx.*)
                0x000039ac                __exidx_end = .

.rodata         0x000039ac      0x28c
 *(.rodata .rodata.* .gnu.linkonce.r.*)
 .rodata        0x000039ac       0x1c .\CortexM3\ARM_GCC_541\Debug\main.o
 .rodata.str1.4
                0x000039c8       0x60 .\CortexM3\ARM_GCC_541\Debug\main.o
 .rodata        0x00003a28       0x30 .\CortexM3\ARM_GCC_541\Debug\cyfitter_cfg.o
 .rodata.str1.4
                0x00003a58       0x14 .\CortexM3\ARM_GCC_541\Debug\Schak_RTC_Test.a(USBUART_std.o)
                                 0x11 (size before relaxing)
 .rodata        0x00003a6c      0x15e .\CortexM3\ARM_GCC_541\Debug\Schak_RTC_Test.a(USBUART_descr.o)
                0x00003a6c                USBUART_TABLE
                0x00003a74                USBUART_DEVICE0_TABLE
                0x00003a8c                USBUART_DEVICE0_CONFIGURATION0_TABLE
                0x00003ab4                USBUART_DEVICE0_CONFIGURATION0_INTERFACE_CLASS
                0x00003ab8                USBUART_DEVICE0_CONFIGURATION0_EP_SETTINGS_TABLE
                0x00003ad0                USBUART_SN_STRING_DESCRIPTOR
                0x00003ad4                USBUART_STRING_DESCRIPTORS
                0x00003b74                USBUART_DEVICE0_CONFIGURATION0_DESCR
                0x00003bb8                USBUART_DEVICE0_DESCR
 .rodata.str1.1
                0x00003bca        0x2 d:/applications/cypress/psoc creator/4.4/psoc creator/import/gnu/arm/5.4.1/bin/../lib/gcc/arm-none-eabi/5.4.1/../../../../arm-none-eabi/lib/armv7-m\libg_nano.a(lib_a-impure.o)
 .rodata.str1.1
                0x00003bcc       0x11 d:/applications/cypress/psoc creator/4.4/psoc creator/import/gnu/arm/5.4.1/bin/../lib/gcc/arm-none-eabi/5.4.1/../../../../arm-none-eabi/lib/armv7-m\libg_nano.a(lib_a-nano-svfprintf.o)
 .rodata.str1.1
                0x00003bdd       0x22 d:/applications/cypress/psoc creator/4.4/psoc creator/import/gnu/arm/5.4.1/bin/../lib/gcc/arm-none-eabi/5.4.1/../../../../arm-none-eabi/lib/armv7-m\libg_nano.a(lib_a-nano-vfprintf_i.o)
                0x00003c00                . = ALIGN (0x4)
 *fill*         0x00003bff        0x1 
 *(.init)
 .init          0x00003c00        0x4 d:/applications/cypress/psoc creator/4.4/psoc creator/import/gnu/arm/5.4.1/bin/../lib/gcc/arm-none-eabi/5.4.1/armv7-m/crti.o
                0x00003c00                _init
 .init          0x00003c04        0x8 d:/applications/cypress/psoc creator/4.4/psoc creator/import/gnu/arm/5.4.1/bin/../lib/gcc/arm-none-eabi/5.4.1/armv7-m/crtn.o
                0x00003c0c                . = ALIGN (0x4)
                0x00003c0c                __preinit_array_start = .
 *(.preinit_array)
                0x00003c0c                __preinit_array_end = .
                0x00003c0c                . = ALIGN (0x4)
                0x00003c0c                __init_array_start = .
 *(SORT(.init_array.*))
 *(.init_array)
 .init_array    0x00003c0c        0x4 d:/applications/cypress/psoc creator/4.4/psoc creator/import/gnu/arm/5.4.1/bin/../lib/gcc/arm-none-eabi/5.4.1/armv7-m/crtbegin.o
 .init_array    0x00003c10        0x4 .\CortexM3\ARM_GCC_541\Debug\Cm3Start.o
                0x00003c14                __init_array_end = .
                0x00003c14                . = ALIGN (0x4)
 *(.fini)
 .fini          0x00003c14        0x4 d:/applications/cypress/psoc creator/4.4/psoc creator/import/gnu/arm/5.4.1/bin/../lib/gcc/arm-none-eabi/5.4.1/armv7-m/crti.o
                0x00003c14                _fini
 .fini          0x00003c18        0x8 d:/applications/cypress/psoc creator/4.4/psoc creator/import/gnu/arm/5.4.1/bin/../lib/gcc/arm-none-eabi/5.4.1/armv7-m/crtn.o
                0x00003c20                . = ALIGN (0x4)
                0x00003c20                __fini_array_start = .
 *(.fini_array)
 .fini_array    0x00003c20        0x4 d:/applications/cypress/psoc creator/4.4/psoc creator/import/gnu/arm/5.4.1/bin/../lib/gcc/arm-none-eabi/5.4.1/armv7-m/crtbegin.o
 *(SORT(.fini_array.*))
                0x00003c24                __fini_array_end = .
                0x00003c24                . = ALIGN (0x4)
 *crtbegin.o(.ctors)
 *(EXCLUDE_FILE(*crtend.o) .ctors)
 *(SORT(.ctors.*))
 *crtend.o(.ctors)
                0x00003c24                . = ALIGN (0x4)
 *crtbegin.o(.dtors)
 *(EXCLUDE_FILE(*crtend.o) .dtors)
 *(SORT(.dtors.*))
 *crtend.o(.dtors)
                0x00003c24                . = ALIGN (0x4)
                0x00003c24                __cy_regions = .
                0x00003c24        0x4 LONG 0x3c38 __cy_region_init_ram
                0x00003c28        0x4 LONG 0x1fff80c8 __cy_region_start_data
                0x00003c2c        0x4 LONG 0x98 __cy_region_init_size_ram
                0x00003c30        0x4 LONG 0x138 __cy_region_zero_size_ram
                0x00003c34                __cy_regions_end = .
                0x00003c38                . = ALIGN (0x8)
 *fill*         0x00003c34        0x4 
                0x00003c38                _etext = .

.cy_checksum_exclude
                0x00003c38        0x0
 *(.cy_checksum_exclude)

.ramvectors     0x1fff8000       0xc0
                0x1fff8000                __cy_region_start_ram = .
 *(.ramvectors)
 .ramvectors    0x1fff8000       0xc0 .\CortexM3\ARM_GCC_541\Debug\Cm3Start.o
                0x1fff8000                CyRamVectors

.noinit         0x1fff80c0        0x1
 *(.noinit)
 .noinit        0x1fff80c0        0x1 .\CortexM3\ARM_GCC_541\Debug\Schak_RTC_Test.a(CyLib.o)
                0x1fff80c0                CyResetStatus

.data           0x1fff80c8       0x98 load address 0x00003c38
                0x1fff80c8                __cy_region_start_data = .
 *(.jcr)
 .jcr           0x1fff80c8        0x0 d:/applications/cypress/psoc creator/4.4/psoc creator/import/gnu/arm/5.4.1/bin/../lib/gcc/arm-none-eabi/5.4.1/armv7-m/crtbegin.o
 .jcr           0x1fff80c8        0x4 d:/applications/cypress/psoc creator/4.4/psoc creator/import/gnu/arm/5.4.1/bin/../lib/gcc/arm-none-eabi/5.4.1/armv7-m/crtend.o
 *(.got.plt)
 *(.got)
 *(.shdata)
 *(.data .data.* .gnu.linkonce.d.*)
 .data          0x1fff80cc        0x4 .\CortexM3\ARM_GCC_541\Debug\Cm3Start.o
 .data          0x1fff80d0       0x10 .\CortexM3\ARM_GCC_541\Debug\Schak_RTC_Test.a(CyLib.o)
                0x1fff80d0                cydelay_32k_ms
                0x1fff80d4                cydelay_freq_khz
                0x1fff80d8                cydelay_freq_mhz
                0x1fff80dc                cydelay_freq_hz
 .data          0x1fff80e0       0x1a .\CortexM3\ARM_GCC_541\Debug\Schak_RTC_Test.a(USBUART_cdc.o)
                0x1fff80e0                USBUART_linesCoding
 *fill*         0x1fff80fa        0x2 
 .data.impure_data
                0x1fff80fc       0x60 d:/applications/cypress/psoc creator/4.4/psoc creator/import/gnu/arm/5.4.1/bin/../lib/gcc/arm-none-eabi/5.4.1/../../../../arm-none-eabi/lib/armv7-m\libg_nano.a(lib_a-impure.o)
 .data._impure_ptr
                0x1fff815c        0x4 d:/applications/cypress/psoc creator/4.4/psoc creator/import/gnu/arm/5.4.1/bin/../lib/gcc/arm-none-eabi/5.4.1/../../../../arm-none-eabi/lib/armv7-m\libg_nano.a(lib_a-impure.o)
                0x1fff815c                _impure_ptr
                0x1fff8160                . = ALIGN (0x8)
 *(.ram)
                0x1fff8160                _edata = .

.igot.plt       0x1fff8160        0x0 load address 0x00003cd0
 .igot.plt      0x1fff8160        0x0 d:/applications/cypress/psoc creator/4.4/psoc creator/import/gnu/arm/5.4.1/bin/../lib/gcc/arm-none-eabi/5.4.1/armv7-m/crtbegin.o

.bss            0x1fff8160      0x138 load address 0x00003cd0
                0x1fff8160                PROVIDE (__bss_start__, .)
 *(.shbss)
 *(.bss .bss.* .gnu.linkonce.b.*)
 .bss           0x1fff8160       0x1c d:/applications/cypress/psoc creator/4.4/psoc creator/import/gnu/arm/5.4.1/bin/../lib/gcc/arm-none-eabi/5.4.1/armv7-m/crtbegin.o
 .bss           0x1fff817c        0x8 .\CortexM3\ARM_GCC_541\Debug\main.o
                0x1fff817c                MS_CALIB_FLAG
                0x1fff8180                INCR_TIME_FLAG
 .bss           0x1fff8184        0x1 .\CortexM3\ARM_GCC_541\Debug\Schak_RTC_Test.a(USBUART.o)
                0x1fff8184                USBUART_initVar
 .bss           0x1fff8185        0x1 .\CortexM3\ARM_GCC_541\Debug\Schak_RTC_Test.a(USBUART_cdc.o)
 *fill*         0x1fff8186        0x2 
 .bss           0x1fff8188        0x2 .\CortexM3\ARM_GCC_541\Debug\Schak_RTC_Test.a(USBUART_std.o)
 .bss           0x1fff818a        0x1 .\CortexM3\ARM_GCC_541\Debug\Schak_RTC_Test.a(I2C.o)
                0x1fff818a                I2C_initVar
 .bss           0x1fff818b        0x1 .\CortexM3\ARM_GCC_541\Debug\Schak_RTC_Test.a(SEC_COUNTER.o)
                0x1fff818b                SEC_COUNTER_initVar
 .bss           0x1fff818c        0x1 .\CortexM3\ARM_GCC_541\Debug\Schak_RTC_Test.a(MILLIS_COUNTER.o)
                0x1fff818c                MILLIS_COUNTER_initVar
 .bss           0x1fff818d        0x1 .\CortexM3\ARM_GCC_541\Debug\Schak_RTC_Test.a(RTC_SEC_COUNTER.o)
                0x1fff818d                RTC_SEC_COUNTER_initVar
 *fill*         0x1fff818e        0x2 
 .bss.__malloc_sbrk_start
                0x1fff8190        0x4 d:/applications/cypress/psoc creator/4.4/psoc creator/import/gnu/arm/5.4.1/bin/../lib/gcc/arm-none-eabi/5.4.1/../../../../arm-none-eabi/lib/armv7-m\libg_nano.a(lib_a-nano-mallocr.o)
                0x1fff8190                __malloc_sbrk_start
 .bss.__malloc_free_list
                0x1fff8194        0x4 d:/applications/cypress/psoc creator/4.4/psoc creator/import/gnu/arm/5.4.1/bin/../lib/gcc/arm-none-eabi/5.4.1/../../../../arm-none-eabi/lib/armv7-m\libg_nano.a(lib_a-nano-mallocr.o)
                0x1fff8194                __malloc_free_list
 *(COMMON)
 COMMON         0x1fff8198        0xe .\CortexM3\ARM_GCC_541\Debug\main.o
                0x1fff8198                sysdate
                0x1fff81a0                systime
 *fill*         0x1fff81a6        0x2 
 COMMON         0x1fff81a8       0x18 .\CortexM3\ARM_GCC_541\Debug\Schak_RTC_Test.a(USBUART_cdc.o)
                0x1fff81a8                USBUART_linesChanged
                0x1fff81ac                USBUART_cdcDataInEp
                0x1fff81b0                USBUART_cdcCommInInterruptEp
                0x1fff81b4                USBUART_cdcDataOutEp
                0x1fff81b8                USBUART_serialStateBitmap
                0x1fff81bc                USBUART_linesControlBitmap
 COMMON         0x1fff81c0       0x9a .\CortexM3\ARM_GCC_541\Debug\Schak_RTC_Test.a(USBUART_drv.o)
                0x1fff81c0                USBUART_lastPacketSize
                0x1fff81c1                USBUART_device
                0x1fff81c2                USBUART_transferByteCount
                0x1fff81c4                USBUART_transferState
                0x1fff81c8                USBUART_interfaceSettingLast
                0x1fff81cc                USBUART_currentTD
                0x1fff81d8                USBUART_interfaceNumber
                0x1fff81dc                USBUART_interfaceClass
                0x1fff81e0                USBUART_configurationChanged
                0x1fff81e1                USBUART_ep0Mode
                0x1fff81e2                USBUART_deviceAddress
                0x1fff81e3                USBUART_configuration
                0x1fff81e4                USBUART_ep0Count
                0x1fff81e5                USBUART_deviceStatus
                0x1fff81e8                USBUART_EP
                0x1fff8254                USBUART_interfaceSetting
                0x1fff8256                USBUART_ep0Toggle
                0x1fff8258                USBUART_interfaceStatus
 COMMON         0x1fff825a        0x1 .\CortexM3\ARM_GCC_541\Debug\Schak_RTC_Test.a(I2C.o)
                0x1fff825a                I2C_state
 *fill*         0x1fff825b        0x1 
 COMMON         0x1fff825c       0x10 .\CortexM3\ARM_GCC_541\Debug\Schak_RTC_Test.a(I2C_MASTER.o)
                0x1fff825c                I2C_mstrWrBufIndex
                0x1fff825d                I2C_mstrWrBufSize
                0x1fff825e                I2C_mstrStatus
                0x1fff8260                I2C_mstrRdBufPtr
                0x1fff8264                I2C_mstrControl
                0x1fff8265                I2C_mstrRdBufSize
                0x1fff8266                I2C_mstrRdBufIndex
                0x1fff8268                I2C_mstrWrBufPtr
 COMMON         0x1fff826c       0x22 .\CortexM3\ARM_GCC_541\Debug\Schak_RTC_Test.a(USBUART_descr.o)
                0x1fff826c                USBUART_idSerialNumberStringDescriptor
 *fill*         0x1fff828e        0x2 
 COMMON         0x1fff8290        0x4 d:/applications/cypress/psoc creator/4.4/psoc creator/import/gnu/arm/5.4.1/bin/../lib/gcc/arm-none-eabi/5.4.1/../../../../arm-none-eabi/lib/armv7-m\libg_nano.a(lib_a-reent.o)
                0x1fff8290                errno
                0x1fff8298                . = ALIGN (0x8)
 *fill*         0x1fff8294        0x4 
 *(.ram.b)
                0x1fff8298                _end = .
                0x1fff8298                __end = .
                0x1fff8298                PROVIDE (end, .)
                0x1fff8298                PROVIDE (__bss_end__, .)
                0x00003c38                __cy_region_init_ram = LOADADDR (.data)
                0x00000098                __cy_region_init_size_ram = (_edata - ADDR (.data))
                0x00000138                __cy_region_zero_size_ram = (_end - _edata)

.heap           0x1fff8298       0x80 load address 0x00003cd0
                0x1fff8298                . = _end
                0x1fff8318                . = (. + 0x80)
 *fill*         0x1fff8298       0x80 
                0x1fff8318                __cy_heap_limit = .

.stack          0x20007800      0x800
                0x20007800                __cy_stack_limit = .
                0x20008000                . = (. + 0x800)
 *fill*         0x20007800      0x800 
                0x00000001                ASSERT ((__cy_stack_limit >= __cy_heap_limit), region RAM overflowed with stack)
                0x00000000                cy_checksum_exclude_size = (CY_APPL_LOADABLE == 0x1)?SIZEOF (.cy_checksum_exclude):0x0
                0x00000001                ASSERT ((cy_checksum_exclude_size <= CY_CHECKSUM_EXCLUDE_SIZE), CY_BOOT: Section .cy_checksum_exclude size exceedes specified limit.)

.cyloadermeta
 *(.cyloadermeta)

.cyloadablemeta
 *(.cyloadablemeta)

.cyconfigecc    0x80000000      0x578
 *(.cyconfigecc)
 .cyconfigecc   0x80000000      0x578 .\CortexM3\ARM_GCC_541\Debug\cymetadata.o
                0x80000000                cy_meta_configecc

.cycustnvl      0x90000000        0x4
 *(.cycustnvl)
 .cycustnvl     0x90000000        0x4 .\CortexM3\ARM_GCC_541\Debug\cymetadata.o
                0x90000000                cy_meta_custnvl

.cywolatch      0x90100000        0x4
 *(.cywolatch)
 .cywolatch     0x90100000        0x4 .\CortexM3\ARM_GCC_541\Debug\cymetadata.o
                0x90100000                cy_meta_wonvl

.cyeeprom       0x90200000        0x0
 *(.cyeeprom)
                0x00000001                ASSERT ((. <= ((0x90200000 + ee_offset) + ee_size)), .cyeeprom data will not fit in EEPROM)

.cyflashprotect
                0x90400000      0x100
 *(.cyflashprotect)
 .cyflashprotect
                0x90400000      0x100 .\CortexM3\ARM_GCC_541\Debug\cymetadata.o
                0x90400000                cy_meta_flashprotect

.cymeta         0x90500000        0xc
 *(.cymeta)
 .cymeta        0x90500000        0xc .\CortexM3\ARM_GCC_541\Debug\cymetadata.o
                0x90500000                cy_metadata

.rel.dyn        0x00003cd0        0x0 load address 0x9050000c
 .rel.iplt      0x00003cd0        0x0 d:/applications/cypress/psoc creator/4.4/psoc creator/import/gnu/arm/5.4.1/bin/../lib/gcc/arm-none-eabi/5.4.1/armv7-m/crtbegin.o

.stab
 *(.stab)

.stabstr
 *(.stabstr)

.debug
 *(.debug)

.line
 *(.line)

.debug_srcinfo
 *(.debug_srcinfo)

.debug_sfnames
 *(.debug_sfnames)

.debug_aranges  0x00000000      0xe90
 *(.debug_aranges)
 .debug_aranges
                0x00000000      0x118 .\CortexM3\ARM_GCC_541\Debug\main.o
 .debug_aranges
                0x00000118       0x58 .\CortexM3\ARM_GCC_541\Debug\cyfitter_cfg.o
 .debug_aranges
                0x00000170       0x18 .\CortexM3\ARM_GCC_541\Debug\cymetadata.o
 .debug_aranges
                0x00000188       0x48 .\CortexM3\ARM_GCC_541\Debug\Cm3Start.o
 .debug_aranges
                0x000001d0      0x2a0 .\CortexM3\ARM_GCC_541\Debug\Schak_RTC_Test.a(CyLib.o)
 .debug_aranges
                0x00000470       0x98 .\CortexM3\ARM_GCC_541\Debug\Schak_RTC_Test.a(cyPm.o)
 .debug_aranges
                0x00000508       0xc8 .\CortexM3\ARM_GCC_541\Debug\Schak_RTC_Test.a(USBUART.o)
 .debug_aranges
                0x000005d0       0xe8 .\CortexM3\ARM_GCC_541\Debug\Schak_RTC_Test.a(USBUART_cdc.o)
 .debug_aranges
                0x000006b8       0x98 .\CortexM3\ARM_GCC_541\Debug\Schak_RTC_Test.a(USBUART_drv.o)
 .debug_aranges
                0x00000750       0x40 .\CortexM3\ARM_GCC_541\Debug\Schak_RTC_Test.a(USBUART_episr.o)
 .debug_aranges
                0x00000790       0x40 .\CortexM3\ARM_GCC_541\Debug\Schak_RTC_Test.a(USBUART_pm.o)
 .debug_aranges
                0x000007d0       0x80 .\CortexM3\ARM_GCC_541\Debug\Schak_RTC_Test.a(USBUART_std.o)
 .debug_aranges
                0x00000850       0x20 .\CortexM3\ARM_GCC_541\Debug\Schak_RTC_Test.a(USBUART_vnd.o)
 .debug_aranges
                0x00000870       0x48 .\CortexM3\ARM_GCC_541\Debug\Schak_RTC_Test.a(USBUART_Dp.o)
 .debug_aranges
                0x000008b8       0x38 .\CortexM3\ARM_GCC_541\Debug\Schak_RTC_Test.a(I2C.o)
 .debug_aranges
                0x000008f0       0x20 .\CortexM3\ARM_GCC_541\Debug\Schak_RTC_Test.a(I2C_INT.o)
 .debug_aranges
                0x00000910       0x38 .\CortexM3\ARM_GCC_541\Debug\Schak_RTC_Test.a(I2C_PM.o)
 .debug_aranges
                0x00000948       0x80 .\CortexM3\ARM_GCC_541\Debug\Schak_RTC_Test.a(I2C_MASTER.o)
 .debug_aranges
                0x000009c8       0x98 .\CortexM3\ARM_GCC_541\Debug\Schak_RTC_Test.a(SEC_COUNTER.o)
 .debug_aranges
                0x00000a60       0x38 .\CortexM3\ARM_GCC_541\Debug\Schak_RTC_Test.a(DebugLED.o)
 .debug_aranges
                0x00000a98       0x28 .\CortexM3\ARM_GCC_541\Debug\Schak_RTC_Test.a(CTR_SYNC_EN.o)
 .debug_aranges
                0x00000ac0       0x80 .\CortexM3\ARM_GCC_541\Debug\Schak_RTC_Test.a(MILLIS_COUNTER_CAPT_INT.o)
 .debug_aranges
                0x00000b40       0x98 .\CortexM3\ARM_GCC_541\Debug\Schak_RTC_Test.a(MILLIS_COUNTER.o)
 .debug_aranges
                0x00000bd8       0x90 .\CortexM3\ARM_GCC_541\Debug\Schak_RTC_Test.a(RTC_SEC_COUNTER.o)
 .debug_aranges
                0x00000c68       0x28 .\CortexM3\ARM_GCC_541\Debug\Schak_RTC_Test.a(MILLIS_CTR_CAPTSEL.o)
 .debug_aranges
                0x00000c90       0x80 .\CortexM3\ARM_GCC_541\Debug\Schak_RTC_Test.a(SEC_CTR_TC_INT.o)
 .debug_aranges
                0x00000d10       0x20 .\CortexM3\ARM_GCC_541\Debug\Schak_RTC_Test.a(CyBootAsmGnu.o)
 .debug_aranges
                0x00000d30       0x88 .\CortexM3\ARM_GCC_541\Debug\Schak_RTC_Test.a(CyFlash.o)
 .debug_aranges
                0x00000db8       0x80 .\CortexM3\ARM_GCC_541\Debug\Schak_RTC_Test.a(CySpc.o)
 .debug_aranges
                0x00000e38       0x20 .\CortexM3\ARM_GCC_541\Debug\Schak_RTC_Test.a(cyutils.o)
 .debug_aranges
                0x00000e58       0x20 .\CortexM3\ARM_GCC_541\Debug\Schak_RTC_Test.a(USBUART_cls.o)
 .debug_aranges
                0x00000e78       0x18 .\CortexM3\ARM_GCC_541\Debug\Schak_RTC_Test.a(USBUART_descr.o)

.debug_pubnames
 *(.debug_pubnames)

.debug_info     0x00000000     0x9715
 *(.debug_info .gnu.linkonce.wi.*)
 .debug_info    0x00000000     0x13b0 .\CortexM3\ARM_GCC_541\Debug\main.o
 .debug_info    0x000013b0      0x548 .\CortexM3\ARM_GCC_541\Debug\cyfitter_cfg.o
 .debug_info    0x000018f8      0x136 .\CortexM3\ARM_GCC_541\Debug\cymetadata.o
 .debug_info    0x00001a2e      0x3bb .\CortexM3\ARM_GCC_541\Debug\Cm3Start.o
 .debug_info    0x00001de9     0x1374 .\CortexM3\ARM_GCC_541\Debug\Schak_RTC_Test.a(CyLib.o)
 .debug_info    0x0000315d      0xa2a .\CortexM3\ARM_GCC_541\Debug\Schak_RTC_Test.a(cyPm.o)
 .debug_info    0x00003b87      0x991 .\CortexM3\ARM_GCC_541\Debug\Schak_RTC_Test.a(USBUART.o)
 .debug_info    0x00004518      0xaf7 .\CortexM3\ARM_GCC_541\Debug\Schak_RTC_Test.a(USBUART_cdc.o)
 .debug_info    0x0000500f      0x655 .\CortexM3\ARM_GCC_541\Debug\Schak_RTC_Test.a(USBUART_drv.o)
 .debug_info    0x00005664      0x254 .\CortexM3\ARM_GCC_541\Debug\Schak_RTC_Test.a(USBUART_episr.o)
 .debug_info    0x000058b8      0x2e4 .\CortexM3\ARM_GCC_541\Debug\Schak_RTC_Test.a(USBUART_pm.o)
 .debug_info    0x00005b9c      0xb26 .\CortexM3\ARM_GCC_541\Debug\Schak_RTC_Test.a(USBUART_std.o)
 .debug_info    0x000066c2       0xed .\CortexM3\ARM_GCC_541\Debug\Schak_RTC_Test.a(USBUART_vnd.o)
 .debug_info    0x000067af      0x174 .\CortexM3\ARM_GCC_541\Debug\Schak_RTC_Test.a(USBUART_Dp.o)
 .debug_info    0x00006923      0x2ab .\CortexM3\ARM_GCC_541\Debug\Schak_RTC_Test.a(I2C.o)
 .debug_info    0x00006bce      0x184 .\CortexM3\ARM_GCC_541\Debug\Schak_RTC_Test.a(I2C_INT.o)
 .debug_info    0x00006d52      0x207 .\CortexM3\ARM_GCC_541\Debug\Schak_RTC_Test.a(I2C_PM.o)
 .debug_info    0x00006f59      0x407 .\CortexM3\ARM_GCC_541\Debug\Schak_RTC_Test.a(I2C_MASTER.o)
 .debug_info    0x00007360      0x326 .\CortexM3\ARM_GCC_541\Debug\Schak_RTC_Test.a(SEC_COUNTER.o)
 .debug_info    0x00007686      0x11f .\CortexM3\ARM_GCC_541\Debug\Schak_RTC_Test.a(DebugLED.o)
 .debug_info    0x000077a5       0xd6 .\CortexM3\ARM_GCC_541\Debug\Schak_RTC_Test.a(CTR_SYNC_EN.o)
 .debug_info    0x0000787b      0x2d2 .\CortexM3\ARM_GCC_541\Debug\Schak_RTC_Test.a(MILLIS_COUNTER_CAPT_INT.o)
 .debug_info    0x00007b4d      0x3a4 .\CortexM3\ARM_GCC_541\Debug\Schak_RTC_Test.a(MILLIS_COUNTER.o)
 .debug_info    0x00007ef1      0x2f0 .\CortexM3\ARM_GCC_541\Debug\Schak_RTC_Test.a(RTC_SEC_COUNTER.o)
 .debug_info    0x000081e1       0xd6 .\CortexM3\ARM_GCC_541\Debug\Schak_RTC_Test.a(MILLIS_CTR_CAPTSEL.o)
 .debug_info    0x000082b7      0x2d2 .\CortexM3\ARM_GCC_541\Debug\Schak_RTC_Test.a(SEC_CTR_TC_INT.o)
 .debug_info    0x00008589       0x80 .\CortexM3\ARM_GCC_541\Debug\Schak_RTC_Test.a(CyBootAsmGnu.o)
 .debug_info    0x00008609      0x64d .\CortexM3\ARM_GCC_541\Debug\Schak_RTC_Test.a(CyFlash.o)
 .debug_info    0x00008c56      0x550 .\CortexM3\ARM_GCC_541\Debug\Schak_RTC_Test.a(CySpc.o)
 .debug_info    0x000091a6       0xee .\CortexM3\ARM_GCC_541\Debug\Schak_RTC_Test.a(cyutils.o)
 .debug_info    0x00009294      0x1de .\CortexM3\ARM_GCC_541\Debug\Schak_RTC_Test.a(USBUART_cls.o)
 .debug_info    0x00009472      0x2a3 .\CortexM3\ARM_GCC_541\Debug\Schak_RTC_Test.a(USBUART_descr.o)

.debug_abbrev   0x00000000     0x2777
 *(.debug_abbrev)
 .debug_abbrev  0x00000000      0x278 .\CortexM3\ARM_GCC_541\Debug\main.o
 .debug_abbrev  0x00000278      0x1fe .\CortexM3\ARM_GCC_541\Debug\cyfitter_cfg.o
 .debug_abbrev  0x00000476       0x77 .\CortexM3\ARM_GCC_541\Debug\cymetadata.o
 .debug_abbrev  0x000004ed      0x1e8 .\CortexM3\ARM_GCC_541\Debug\Cm3Start.o
 .debug_abbrev  0x000006d5      0x254 .\CortexM3\ARM_GCC_541\Debug\Schak_RTC_Test.a(CyLib.o)
 .debug_abbrev  0x00000929      0x1ab .\CortexM3\ARM_GCC_541\Debug\Schak_RTC_Test.a(cyPm.o)
 .debug_abbrev  0x00000ad4      0x215 .\CortexM3\ARM_GCC_541\Debug\Schak_RTC_Test.a(USBUART.o)
 .debug_abbrev  0x00000ce9      0x245 .\CortexM3\ARM_GCC_541\Debug\Schak_RTC_Test.a(USBUART_cdc.o)
 .debug_abbrev  0x00000f2e      0x189 .\CortexM3\ARM_GCC_541\Debug\Schak_RTC_Test.a(USBUART_drv.o)
 .debug_abbrev  0x000010b7      0x11b .\CortexM3\ARM_GCC_541\Debug\Schak_RTC_Test.a(USBUART_episr.o)
 .debug_abbrev  0x000011d2      0x108 .\CortexM3\ARM_GCC_541\Debug\Schak_RTC_Test.a(USBUART_pm.o)
 .debug_abbrev  0x000012da      0x20a .\CortexM3\ARM_GCC_541\Debug\Schak_RTC_Test.a(USBUART_std.o)
 .debug_abbrev  0x000014e4       0x9b .\CortexM3\ARM_GCC_541\Debug\Schak_RTC_Test.a(USBUART_vnd.o)
 .debug_abbrev  0x0000157f       0x90 .\CortexM3\ARM_GCC_541\Debug\Schak_RTC_Test.a(USBUART_Dp.o)
 .debug_abbrev  0x0000160f      0x10a .\CortexM3\ARM_GCC_541\Debug\Schak_RTC_Test.a(I2C.o)
 .debug_abbrev  0x00001719       0xb6 .\CortexM3\ARM_GCC_541\Debug\Schak_RTC_Test.a(I2C_INT.o)
 .debug_abbrev  0x000017cf       0xfe .\CortexM3\ARM_GCC_541\Debug\Schak_RTC_Test.a(I2C_PM.o)
 .debug_abbrev  0x000018cd      0x13c .\CortexM3\ARM_GCC_541\Debug\Schak_RTC_Test.a(I2C_MASTER.o)
 .debug_abbrev  0x00001a09      0x117 .\CortexM3\ARM_GCC_541\Debug\Schak_RTC_Test.a(SEC_COUNTER.o)
 .debug_abbrev  0x00001b20       0x90 .\CortexM3\ARM_GCC_541\Debug\Schak_RTC_Test.a(DebugLED.o)
 .debug_abbrev  0x00001bb0       0x81 .\CortexM3\ARM_GCC_541\Debug\Schak_RTC_Test.a(CTR_SYNC_EN.o)
 .debug_abbrev  0x00001c31      0x173 .\CortexM3\ARM_GCC_541\Debug\Schak_RTC_Test.a(MILLIS_COUNTER_CAPT_INT.o)
 .debug_abbrev  0x00001da4      0x142 .\CortexM3\ARM_GCC_541\Debug\Schak_RTC_Test.a(MILLIS_COUNTER.o)
 .debug_abbrev  0x00001ee6      0x12b .\CortexM3\ARM_GCC_541\Debug\Schak_RTC_Test.a(RTC_SEC_COUNTER.o)
 .debug_abbrev  0x00002011       0x81 .\CortexM3\ARM_GCC_541\Debug\Schak_RTC_Test.a(MILLIS_CTR_CAPTSEL.o)
 .debug_abbrev  0x00002092      0x173 .\CortexM3\ARM_GCC_541\Debug\Schak_RTC_Test.a(SEC_CTR_TC_INT.o)
 .debug_abbrev  0x00002205       0x14 .\CortexM3\ARM_GCC_541\Debug\Schak_RTC_Test.a(CyBootAsmGnu.o)
 .debug_abbrev  0x00002219      0x1a7 .\CortexM3\ARM_GCC_541\Debug\Schak_RTC_Test.a(CyFlash.o)
 .debug_abbrev  0x000023c0      0x194 .\CortexM3\ARM_GCC_541\Debug\Schak_RTC_Test.a(CySpc.o)
 .debug_abbrev  0x00002554       0x8e .\CortexM3\ARM_GCC_541\Debug\Schak_RTC_Test.a(cyutils.o)
 .debug_abbrev  0x000025e2       0xe1 .\CortexM3\ARM_GCC_541\Debug\Schak_RTC_Test.a(USBUART_cls.o)
 .debug_abbrev  0x000026c3       0xb4 .\CortexM3\ARM_GCC_541\Debug\Schak_RTC_Test.a(USBUART_descr.o)

.debug_line     0x00000000     0x38c0
 *(.debug_line)
 .debug_line    0x00000000      0x595 .\CortexM3\ARM_GCC_541\Debug\main.o
 .debug_line    0x00000595      0x1ef .\CortexM3\ARM_GCC_541\Debug\cyfitter_cfg.o
 .debug_line    0x00000784      0x133 .\CortexM3\ARM_GCC_541\Debug\cymetadata.o
 .debug_line    0x000008b7      0x226 .\CortexM3\ARM_GCC_541\Debug\Cm3Start.o
 .debug_line    0x00000add      0x816 .\CortexM3\ARM_GCC_541\Debug\Schak_RTC_Test.a(CyLib.o)
 .debug_line    0x000012f3      0x367 .\CortexM3\ARM_GCC_541\Debug\Schak_RTC_Test.a(cyPm.o)
 .debug_line    0x0000165a      0x2dc .\CortexM3\ARM_GCC_541\Debug\Schak_RTC_Test.a(USBUART.o)
 .debug_line    0x00001936      0x2f2 .\CortexM3\ARM_GCC_541\Debug\Schak_RTC_Test.a(USBUART_cdc.o)
 .debug_line    0x00001c28      0x221 .\CortexM3\ARM_GCC_541\Debug\Schak_RTC_Test.a(USBUART_drv.o)
 .debug_line    0x00001e49       0xe6 .\CortexM3\ARM_GCC_541\Debug\Schak_RTC_Test.a(USBUART_episr.o)
 .debug_line    0x00001f2f      0x10e .\CortexM3\ARM_GCC_541\Debug\Schak_RTC_Test.a(USBUART_pm.o)
 .debug_line    0x0000203d      0x3e2 .\CortexM3\ARM_GCC_541\Debug\Schak_RTC_Test.a(USBUART_std.o)
 .debug_line    0x0000241f       0x73 .\CortexM3\ARM_GCC_541\Debug\Schak_RTC_Test.a(USBUART_vnd.o)
 .debug_line    0x00002492       0xbb .\CortexM3\ARM_GCC_541\Debug\Schak_RTC_Test.a(USBUART_Dp.o)
 .debug_line    0x0000254d       0xd9 .\CortexM3\ARM_GCC_541\Debug\Schak_RTC_Test.a(I2C.o)
 .debug_line    0x00002626      0x114 .\CortexM3\ARM_GCC_541\Debug\Schak_RTC_Test.a(I2C_INT.o)
 .debug_line    0x0000273a       0xbb .\CortexM3\ARM_GCC_541\Debug\Schak_RTC_Test.a(I2C_PM.o)
 .debug_line    0x000027f5      0x1fd .\CortexM3\ARM_GCC_541\Debug\Schak_RTC_Test.a(I2C_MASTER.o)
 .debug_line    0x000029f2      0x18b .\CortexM3\ARM_GCC_541\Debug\Schak_RTC_Test.a(SEC_COUNTER.o)
 .debug_line    0x00002b7d       0x97 .\CortexM3\ARM_GCC_541\Debug\Schak_RTC_Test.a(DebugLED.o)
 .debug_line    0x00002c14       0x73 .\CortexM3\ARM_GCC_541\Debug\Schak_RTC_Test.a(CTR_SYNC_EN.o)
 .debug_line    0x00002c87      0x144 .\CortexM3\ARM_GCC_541\Debug\Schak_RTC_Test.a(MILLIS_COUNTER_CAPT_INT.o)
 .debug_line    0x00002dcb      0x190 .\CortexM3\ARM_GCC_541\Debug\Schak_RTC_Test.a(MILLIS_COUNTER.o)
 .debug_line    0x00002f5b      0x17a .\CortexM3\ARM_GCC_541\Debug\Schak_RTC_Test.a(RTC_SEC_COUNTER.o)
 .debug_line    0x000030d5       0x7a .\CortexM3\ARM_GCC_541\Debug\Schak_RTC_Test.a(MILLIS_CTR_CAPTSEL.o)
 .debug_line    0x0000314f      0x13b .\CortexM3\ARM_GCC_541\Debug\Schak_RTC_Test.a(SEC_CTR_TC_INT.o)
 .debug_line    0x0000328a       0x66 .\CortexM3\ARM_GCC_541\Debug\Schak_RTC_Test.a(CyBootAsmGnu.o)
 .debug_line    0x000032f0      0x21a .\CortexM3\ARM_GCC_541\Debug\Schak_RTC_Test.a(CyFlash.o)
 .debug_line    0x0000350a      0x260 .\CortexM3\ARM_GCC_541\Debug\Schak_RTC_Test.a(CySpc.o)
 .debug_line    0x0000376a       0x60 .\CortexM3\ARM_GCC_541\Debug\Schak_RTC_Test.a(cyutils.o)
 .debug_line    0x000037ca       0x95 .\CortexM3\ARM_GCC_541\Debug\Schak_RTC_Test.a(USBUART_cls.o)
 .debug_line    0x0000385f       0x61 .\CortexM3\ARM_GCC_541\Debug\Schak_RTC_Test.a(USBUART_descr.o)

.debug_frame    0x00000000     0x279c
 *(.debug_frame)
 .debug_frame   0x00000000      0x3b4 .\CortexM3\ARM_GCC_541\Debug\main.o
 .debug_frame   0x000003b4       0xe4 .\CortexM3\ARM_GCC_541\Debug\cyfitter_cfg.o
 .debug_frame   0x00000498       0xb8 .\CortexM3\ARM_GCC_541\Debug\Cm3Start.o
 .debug_frame   0x00000550      0x738 .\CortexM3\ARM_GCC_541\Debug\Schak_RTC_Test.a(CyLib.o)
 .debug_frame   0x00000c88      0x1f8 .\CortexM3\ARM_GCC_541\Debug\Schak_RTC_Test.a(cyPm.o)
 .debug_frame   0x00000e80      0x1dc .\CortexM3\ARM_GCC_541\Debug\Schak_RTC_Test.a(USBUART.o)
 .debug_frame   0x0000105c      0x27c .\CortexM3\ARM_GCC_541\Debug\Schak_RTC_Test.a(USBUART_cdc.o)
 .debug_frame   0x000012d8      0x194 .\CortexM3\ARM_GCC_541\Debug\Schak_RTC_Test.a(USBUART_drv.o)
 .debug_frame   0x0000146c       0x6c .\CortexM3\ARM_GCC_541\Debug\Schak_RTC_Test.a(USBUART_episr.o)
 .debug_frame   0x000014d8       0xa0 .\CortexM3\ARM_GCC_541\Debug\Schak_RTC_Test.a(USBUART_pm.o)
 .debug_frame   0x00001578      0x17c .\CortexM3\ARM_GCC_541\Debug\Schak_RTC_Test.a(USBUART_std.o)
 .debug_frame   0x000016f4       0x20 .\CortexM3\ARM_GCC_541\Debug\Schak_RTC_Test.a(USBUART_vnd.o)
 .debug_frame   0x00001714       0x70 .\CortexM3\ARM_GCC_541\Debug\Schak_RTC_Test.a(USBUART_Dp.o)
 .debug_frame   0x00001784       0x90 .\CortexM3\ARM_GCC_541\Debug\Schak_RTC_Test.a(I2C.o)
 .debug_frame   0x00001814       0x30 .\CortexM3\ARM_GCC_541\Debug\Schak_RTC_Test.a(I2C_INT.o)
 .debug_frame   0x00001844       0x74 .\CortexM3\ARM_GCC_541\Debug\Schak_RTC_Test.a(I2C_PM.o)
 .debug_frame   0x000018b8      0x138 .\CortexM3\ARM_GCC_541\Debug\Schak_RTC_Test.a(I2C_MASTER.o)
 .debug_frame   0x000019f0      0x134 .\CortexM3\ARM_GCC_541\Debug\Schak_RTC_Test.a(SEC_COUNTER.o)
 .debug_frame   0x00001b24       0x50 .\CortexM3\ARM_GCC_541\Debug\Schak_RTC_Test.a(DebugLED.o)
 .debug_frame   0x00001b74       0x30 .\CortexM3\ARM_GCC_541\Debug\Schak_RTC_Test.a(CTR_SYNC_EN.o)
 .debug_frame   0x00001ba4      0x104 .\CortexM3\ARM_GCC_541\Debug\Schak_RTC_Test.a(MILLIS_COUNTER_CAPT_INT.o)
 .debug_frame   0x00001ca8      0x158 .\CortexM3\ARM_GCC_541\Debug\Schak_RTC_Test.a(MILLIS_COUNTER.o)
 .debug_frame   0x00001e00      0x124 .\CortexM3\ARM_GCC_541\Debug\Schak_RTC_Test.a(RTC_SEC_COUNTER.o)
 .debug_frame   0x00001f24       0x30 .\CortexM3\ARM_GCC_541\Debug\Schak_RTC_Test.a(MILLIS_CTR_CAPTSEL.o)
 .debug_frame   0x00001f54      0x104 .\CortexM3\ARM_GCC_541\Debug\Schak_RTC_Test.a(SEC_CTR_TC_INT.o)
 .debug_frame   0x00002058      0x194 .\CortexM3\ARM_GCC_541\Debug\Schak_RTC_Test.a(CyFlash.o)
 .debug_frame   0x000021ec      0x180 .\CortexM3\ARM_GCC_541\Debug\Schak_RTC_Test.a(CySpc.o)
 .debug_frame   0x0000236c       0x20 .\CortexM3\ARM_GCC_541\Debug\Schak_RTC_Test.a(cyutils.o)
 .debug_frame   0x0000238c       0x2c .\CortexM3\ARM_GCC_541\Debug\Schak_RTC_Test.a(USBUART_cls.o)
 .debug_frame   0x000023b8       0x20 d:/applications/cypress/psoc creator/4.4/psoc creator/import/gnu/arm/5.4.1/bin/../lib/gcc/arm-none-eabi/5.4.1/../../../../arm-none-eabi/lib/armv7-m\libg_nano.a(lib_a-errno.o)
 .debug_frame   0x000023d8       0x28 d:/applications/cypress/psoc creator/4.4/psoc creator/import/gnu/arm/5.4.1/bin/../lib/gcc/arm-none-eabi/5.4.1/../../../../arm-none-eabi/lib/armv7-m\libg_nano.a(lib_a-exit.o)
 .debug_frame   0x00002400       0x2c d:/applications/cypress/psoc creator/4.4/psoc creator/import/gnu/arm/5.4.1/bin/../lib/gcc/arm-none-eabi/5.4.1/../../../../arm-none-eabi/lib/armv7-m\libg_nano.a(lib_a-init.o)
 .debug_frame   0x0000242c       0x28 d:/applications/cypress/psoc creator/4.4/psoc creator/import/gnu/arm/5.4.1/bin/../lib/gcc/arm-none-eabi/5.4.1/../../../../arm-none-eabi/lib/armv7-m\libg_nano.a(lib_a-memcpy-stub.o)
 .debug_frame   0x00002454       0x20 d:/applications/cypress/psoc creator/4.4/psoc creator/import/gnu/arm/5.4.1/bin/../lib/gcc/arm-none-eabi/5.4.1/../../../../arm-none-eabi/lib/armv7-m\libg_nano.a(lib_a-memset.o)
 .debug_frame   0x00002474       0x70 d:/applications/cypress/psoc creator/4.4/psoc creator/import/gnu/arm/5.4.1/bin/../lib/gcc/arm-none-eabi/5.4.1/../../../../arm-none-eabi/lib/armv7-m\libg_nano.a(lib_a-sprintf.o)
 .debug_frame   0x000024e4       0x90 d:/applications/cypress/psoc creator/4.4/psoc creator/import/gnu/arm/5.4.1/bin/../lib/gcc/arm-none-eabi/5.4.1/../../../../arm-none-eabi/lib/armv7-m\libg_nano.a(lib_a-nano-svfprintf.o)
 .debug_frame   0x00002574       0x60 d:/applications/cypress/psoc creator/4.4/psoc creator/import/gnu/arm/5.4.1/bin/../lib/gcc/arm-none-eabi/5.4.1/../../../../arm-none-eabi/lib/armv7-m\libg_nano.a(lib_a-nano-vfprintf_i.o)
 .debug_frame   0x000025d4       0x28 d:/applications/cypress/psoc creator/4.4/psoc creator/import/gnu/arm/5.4.1/bin/../lib/gcc/arm-none-eabi/5.4.1/../../../../arm-none-eabi/lib/armv7-m\libg_nano.a(lib_a-memchr-stub.o)
 .debug_frame   0x000025fc       0x28 d:/applications/cypress/psoc creator/4.4/psoc creator/import/gnu/arm/5.4.1/bin/../lib/gcc/arm-none-eabi/5.4.1/../../../../arm-none-eabi/lib/armv7-m\libg_nano.a(lib_a-memmove.o)
 .debug_frame   0x00002624       0x38 d:/applications/cypress/psoc creator/4.4/psoc creator/import/gnu/arm/5.4.1/bin/../lib/gcc/arm-none-eabi/5.4.1/../../../../arm-none-eabi/lib/armv7-m\libg_nano.a(lib_a-nano-freer.o)
 .debug_frame   0x0000265c       0x2c d:/applications/cypress/psoc creator/4.4/psoc creator/import/gnu/arm/5.4.1/bin/../lib/gcc/arm-none-eabi/5.4.1/../../../../arm-none-eabi/lib/armv7-m\libg_nano.a(lib_a-nano-mallocr.o)
 .debug_frame   0x00002688       0x3c d:/applications/cypress/psoc creator/4.4/psoc creator/import/gnu/arm/5.4.1/bin/../lib/gcc/arm-none-eabi/5.4.1/../../../../arm-none-eabi/lib/armv7-m\libg_nano.a(lib_a-nano-reallocr.o)
 .debug_frame   0x000026c4       0x2c d:/applications/cypress/psoc creator/4.4/psoc creator/import/gnu/arm/5.4.1/bin/../lib/gcc/arm-none-eabi/5.4.1/../../../../arm-none-eabi/lib/armv7-m\libg_nano.a(lib_a-sbrkr.o)
 .debug_frame   0x000026f0       0x30 d:/applications/cypress/psoc creator/4.4/psoc creator/import/gnu/arm/5.4.1/bin/../lib/gcc/arm-none-eabi/5.4.1/../../../../arm-none-eabi/lib/armv7-m\libg_nano.a(lib_a-mlock.o)
 .debug_frame   0x00002720       0x20 d:/applications/cypress/psoc creator/4.4/psoc creator/import/gnu/arm/5.4.1/bin/../lib/gcc/arm-none-eabi/5.4.1/../../../../arm-none-eabi/lib/armv7-m\libg_nano.a(lib_a-nano-msizer.o)
 .debug_frame   0x00002740       0x5c d:/applications/cypress/psoc creator/4.4/psoc creator/import/gnu/arm/5.4.1/bin/../lib/gcc/arm-none-eabi/5.4.1/../../../../arm-none-eabi/lib/armv7-m\libg_nano.a(lib_a-reent.o)

.debug_str      0x00000000     0x332a
 *(.debug_str)
 .debug_str     0x00000000      0x681 .\CortexM3\ARM_GCC_541\Debug\main.o
                                0x76c (size before relaxing)
 .debug_str     0x00000681      0x186 .\CortexM3\ARM_GCC_541\Debug\cyfitter_cfg.o
                                0x30f (size before relaxing)
 .debug_str     0x00000807       0x75 .\CortexM3\ARM_GCC_541\Debug\cymetadata.o
                                0x1d4 (size before relaxing)
 .debug_str     0x0000087c      0x13e .\CortexM3\ARM_GCC_541\Debug\Cm3Start.o
                                0x2fa (size before relaxing)
 .debug_str     0x000009ba      0x837 .\CortexM3\ARM_GCC_541\Debug\Schak_RTC_Test.a(CyLib.o)
                                0xa37 (size before relaxing)
 .debug_str     0x000011f1      0x365 .\CortexM3\ARM_GCC_541\Debug\Schak_RTC_Test.a(cyPm.o)
                                0x723 (size before relaxing)
 .debug_str     0x00001556      0x422 .\CortexM3\ARM_GCC_541\Debug\Schak_RTC_Test.a(USBUART.o)
                                0x65a (size before relaxing)
 .debug_str     0x00001978      0x51a .\CortexM3\ARM_GCC_541\Debug\Schak_RTC_Test.a(USBUART_cdc.o)
                                0x7c1 (size before relaxing)
 .debug_str     0x00001e92      0x291 .\CortexM3\ARM_GCC_541\Debug\Schak_RTC_Test.a(USBUART_drv.o)
                                0x638 (size before relaxing)
 .debug_str     0x00002123       0x80 .\CortexM3\ARM_GCC_541\Debug\Schak_RTC_Test.a(USBUART_episr.o)
                                0x2cf (size before relaxing)
 .debug_str     0x000021a3       0xd2 .\CortexM3\ARM_GCC_541\Debug\Schak_RTC_Test.a(USBUART_pm.o)
                                0x2e0 (size before relaxing)
 .debug_str     0x00002275      0x259 .\CortexM3\ARM_GCC_541\Debug\Schak_RTC_Test.a(USBUART_std.o)
                                0x7a7 (size before relaxing)
 .debug_str     0x000024ce       0x25 .\CortexM3\ARM_GCC_541\Debug\Schak_RTC_Test.a(USBUART_vnd.o)
                                0x1dd (size before relaxing)
 .debug_str     0x000024f3       0xa4 .\CortexM3\ARM_GCC_541\Debug\Schak_RTC_Test.a(USBUART_Dp.o)
                                0x231 (size before relaxing)
 .debug_str     0x00002597       0xc8 .\CortexM3\ARM_GCC_541\Debug\Schak_RTC_Test.a(I2C.o)
                                0x2d1 (size before relaxing)
 .debug_str     0x0000265f       0x86 .\CortexM3\ARM_GCC_541\Debug\Schak_RTC_Test.a(I2C_INT.o)
                                0x24f (size before relaxing)
 .debug_str     0x000026e5       0x56 .\CortexM3\ARM_GCC_541\Debug\Schak_RTC_Test.a(I2C_PM.o)
                                0x26d (size before relaxing)
 .debug_str     0x0000273b      0x13a .\CortexM3\ARM_GCC_541\Debug\Schak_RTC_Test.a(I2C_MASTER.o)
                                0x394 (size before relaxing)
 .debug_str     0x00002875       0x82 .\CortexM3\ARM_GCC_541\Debug\Schak_RTC_Test.a(SEC_COUNTER.o)
                                0x3ad (size before relaxing)
 .debug_str     0x000028f7       0x4d .\CortexM3\ARM_GCC_541\Debug\Schak_RTC_Test.a(DebugLED.o)
                                0x1e1 (size before relaxing)
 .debug_str     0x00002944       0x36 .\CortexM3\ARM_GCC_541\Debug\Schak_RTC_Test.a(CTR_SYNC_EN.o)
                                0x1b1 (size before relaxing)
 .debug_str     0x0000297a      0x15c .\CortexM3\ARM_GCC_541\Debug\Schak_RTC_Test.a(MILLIS_COUNTER_CAPT_INT.o)
                                0x392 (size before relaxing)
 .debug_str     0x00002ad6      0x13c .\CortexM3\ARM_GCC_541\Debug\Schak_RTC_Test.a(MILLIS_COUNTER.o)
                                0x3fe (size before relaxing)
 .debug_str     0x00002c12      0x202 .\CortexM3\ARM_GCC_541\Debug\Schak_RTC_Test.a(RTC_SEC_COUNTER.o)
                                0x3df (size before relaxing)
 .debug_str     0x00002e14       0x44 .\CortexM3\ARM_GCC_541\Debug\Schak_RTC_Test.a(MILLIS_CTR_CAPTSEL.o)
                                0x1c6 (size before relaxing)
 .debug_str     0x00002e58      0x119 .\CortexM3\ARM_GCC_541\Debug\Schak_RTC_Test.a(SEC_CTR_TC_INT.o)
                                0x314 (size before relaxing)
 .debug_str     0x00002f71      0x1bb .\CortexM3\ARM_GCC_541\Debug\Schak_RTC_Test.a(CyFlash.o)
                                0x3b0 (size before relaxing)
 .debug_str     0x0000312c       0xac .\CortexM3\ARM_GCC_541\Debug\Schak_RTC_Test.a(CySpc.o)
                                0x328 (size before relaxing)
 .debug_str     0x000031d8       0x29 .\CortexM3\ARM_GCC_541\Debug\Schak_RTC_Test.a(cyutils.o)
                                0x1a2 (size before relaxing)
 .debug_str     0x00003201       0x25 .\CortexM3\ARM_GCC_541\Debug\Schak_RTC_Test.a(USBUART_cls.o)
                                0x29c (size before relaxing)
 .debug_str     0x00003226      0x104 .\CortexM3\ARM_GCC_541\Debug\Schak_RTC_Test.a(USBUART_descr.o)
                                0x349 (size before relaxing)

.debug_loc      0x00000000     0x3fb6
 *(.debug_loc)
 .debug_loc     0x00000000      0x8fb .\CortexM3\ARM_GCC_541\Debug\main.o
 .debug_loc     0x000008fb      0x205 .\CortexM3\ARM_GCC_541\Debug\cyfitter_cfg.o
 .debug_loc     0x00000b00      0x144 .\CortexM3\ARM_GCC_541\Debug\Cm3Start.o
 .debug_loc     0x00000c44      0xa11 .\CortexM3\ARM_GCC_541\Debug\Schak_RTC_Test.a(CyLib.o)
 .debug_loc     0x00001655      0x1e4 .\CortexM3\ARM_GCC_541\Debug\Schak_RTC_Test.a(cyPm.o)
 .debug_loc     0x00001839      0x3e1 .\CortexM3\ARM_GCC_541\Debug\Schak_RTC_Test.a(USBUART.o)
 .debug_loc     0x00001c1a      0x557 .\CortexM3\ARM_GCC_541\Debug\Schak_RTC_Test.a(USBUART_cdc.o)
 .debug_loc     0x00002171      0x171 .\CortexM3\ARM_GCC_541\Debug\Schak_RTC_Test.a(USBUART_drv.o)
 .debug_loc     0x000022e2       0x26 .\CortexM3\ARM_GCC_541\Debug\Schak_RTC_Test.a(USBUART_pm.o)
 .debug_loc     0x00002308      0x945 .\CortexM3\ARM_GCC_541\Debug\Schak_RTC_Test.a(USBUART_std.o)
 .debug_loc     0x00002c4d       0x84 .\CortexM3\ARM_GCC_541\Debug\Schak_RTC_Test.a(USBUART_Dp.o)
 .debug_loc     0x00002cd1       0x39 .\CortexM3\ARM_GCC_541\Debug\Schak_RTC_Test.a(I2C.o)
 .debug_loc     0x00002d0a       0x29 .\CortexM3\ARM_GCC_541\Debug\Schak_RTC_Test.a(I2C_INT.o)
 .debug_loc     0x00002d33       0x13 .\CortexM3\ARM_GCC_541\Debug\Schak_RTC_Test.a(I2C_PM.o)
 .debug_loc     0x00002d46      0x52f .\CortexM3\ARM_GCC_541\Debug\Schak_RTC_Test.a(I2C_MASTER.o)
 .debug_loc     0x00003275       0x3d .\CortexM3\ARM_GCC_541\Debug\Schak_RTC_Test.a(SEC_COUNTER.o)
 .debug_loc     0x000032b2       0x42 .\CortexM3\ARM_GCC_541\Debug\Schak_RTC_Test.a(DebugLED.o)
 .debug_loc     0x000032f4       0x56 .\CortexM3\ARM_GCC_541\Debug\Schak_RTC_Test.a(MILLIS_COUNTER_CAPT_INT.o)
 .debug_loc     0x0000334a       0xc1 .\CortexM3\ARM_GCC_541\Debug\Schak_RTC_Test.a(MILLIS_COUNTER.o)
 .debug_loc     0x0000340b       0x13 .\CortexM3\ARM_GCC_541\Debug\Schak_RTC_Test.a(RTC_SEC_COUNTER.o)
 .debug_loc     0x0000341e       0x56 .\CortexM3\ARM_GCC_541\Debug\Schak_RTC_Test.a(SEC_CTR_TC_INT.o)
 .debug_loc     0x00003474      0x3b2 .\CortexM3\ARM_GCC_541\Debug\Schak_RTC_Test.a(CyFlash.o)
 .debug_loc     0x00003826      0x705 .\CortexM3\ARM_GCC_541\Debug\Schak_RTC_Test.a(CySpc.o)
 .debug_loc     0x00003f2b       0x21 .\CortexM3\ARM_GCC_541\Debug\Schak_RTC_Test.a(cyutils.o)
 .debug_loc     0x00003f4c       0x6a .\CortexM3\ARM_GCC_541\Debug\Schak_RTC_Test.a(USBUART_cls.o)

.debug_macinfo
 *(.debug_macinfo)

.debug_ranges   0x00000000      0xc88
 *(.debug_ranges)
 .debug_ranges  0x00000000      0x108 .\CortexM3\ARM_GCC_541\Debug\main.o
 .debug_ranges  0x00000108       0x48 .\CortexM3\ARM_GCC_541\Debug\cyfitter_cfg.o
 .debug_ranges  0x00000150       0x38 .\CortexM3\ARM_GCC_541\Debug\Cm3Start.o
 .debug_ranges  0x00000188      0x290 .\CortexM3\ARM_GCC_541\Debug\Schak_RTC_Test.a(CyLib.o)
 .debug_ranges  0x00000418       0x88 .\CortexM3\ARM_GCC_541\Debug\Schak_RTC_Test.a(cyPm.o)
 .debug_ranges  0x000004a0       0xd0 .\CortexM3\ARM_GCC_541\Debug\Schak_RTC_Test.a(USBUART.o)
 .debug_ranges  0x00000570       0xd8 .\CortexM3\ARM_GCC_541\Debug\Schak_RTC_Test.a(USBUART_cdc.o)
 .debug_ranges  0x00000648       0x88 .\CortexM3\ARM_GCC_541\Debug\Schak_RTC_Test.a(USBUART_drv.o)
 .debug_ranges  0x000006d0       0x30 .\CortexM3\ARM_GCC_541\Debug\Schak_RTC_Test.a(USBUART_episr.o)
 .debug_ranges  0x00000700       0x30 .\CortexM3\ARM_GCC_541\Debug\Schak_RTC_Test.a(USBUART_pm.o)
 .debug_ranges  0x00000730       0x70 .\CortexM3\ARM_GCC_541\Debug\Schak_RTC_Test.a(USBUART_std.o)
 .debug_ranges  0x000007a0       0x10 .\CortexM3\ARM_GCC_541\Debug\Schak_RTC_Test.a(USBUART_vnd.o)
 .debug_ranges  0x000007b0       0x38 .\CortexM3\ARM_GCC_541\Debug\Schak_RTC_Test.a(USBUART_Dp.o)
 .debug_ranges  0x000007e8       0x28 .\CortexM3\ARM_GCC_541\Debug\Schak_RTC_Test.a(I2C.o)
 .debug_ranges  0x00000810       0x10 .\CortexM3\ARM_GCC_541\Debug\Schak_RTC_Test.a(I2C_INT.o)
 .debug_ranges  0x00000820       0x28 .\CortexM3\ARM_GCC_541\Debug\Schak_RTC_Test.a(I2C_PM.o)
 .debug_ranges  0x00000848       0x70 .\CortexM3\ARM_GCC_541\Debug\Schak_RTC_Test.a(I2C_MASTER.o)
 .debug_ranges  0x000008b8       0x88 .\CortexM3\ARM_GCC_541\Debug\Schak_RTC_Test.a(SEC_COUNTER.o)
 .debug_ranges  0x00000940       0x28 .\CortexM3\ARM_GCC_541\Debug\Schak_RTC_Test.a(DebugLED.o)
 .debug_ranges  0x00000968       0x18 .\CortexM3\ARM_GCC_541\Debug\Schak_RTC_Test.a(CTR_SYNC_EN.o)
 .debug_ranges  0x00000980       0x70 .\CortexM3\ARM_GCC_541\Debug\Schak_RTC_Test.a(MILLIS_COUNTER_CAPT_INT.o)
 .debug_ranges  0x000009f0       0x88 .\CortexM3\ARM_GCC_541\Debug\Schak_RTC_Test.a(MILLIS_COUNTER.o)
 .debug_ranges  0x00000a78       0x80 .\CortexM3\ARM_GCC_541\Debug\Schak_RTC_Test.a(RTC_SEC_COUNTER.o)
 .debug_ranges  0x00000af8       0x18 .\CortexM3\ARM_GCC_541\Debug\Schak_RTC_Test.a(MILLIS_CTR_CAPTSEL.o)
 .debug_ranges  0x00000b10       0x70 .\CortexM3\ARM_GCC_541\Debug\Schak_RTC_Test.a(SEC_CTR_TC_INT.o)
 .debug_ranges  0x00000b80       0x78 .\CortexM3\ARM_GCC_541\Debug\Schak_RTC_Test.a(CyFlash.o)
 .debug_ranges  0x00000bf8       0x70 .\CortexM3\ARM_GCC_541\Debug\Schak_RTC_Test.a(CySpc.o)
 .debug_ranges  0x00000c68       0x10 .\CortexM3\ARM_GCC_541\Debug\Schak_RTC_Test.a(cyutils.o)
 .debug_ranges  0x00000c78       0x10 .\CortexM3\ARM_GCC_541\Debug\Schak_RTC_Test.a(USBUART_cls.o)

.comment        0x00000000       0x6e
 .comment       0x00000000       0x6e .\CortexM3\ARM_GCC_541\Debug\main.o
                                 0x6f (size before relaxing)
 .comment       0x0000006e       0x6f .\CortexM3\ARM_GCC_541\Debug\cyfitter_cfg.o
 .comment       0x0000006e       0x6f .\CortexM3\ARM_GCC_541\Debug\cymetadata.o
 .comment       0x0000006e       0x6f .\CortexM3\ARM_GCC_541\Debug\Cm3Start.o
 .comment       0x0000006e       0x6f .\CortexM3\ARM_GCC_541\Debug\Schak_RTC_Test.a(CyLib.o)
 .comment       0x0000006e       0x6f .\CortexM3\ARM_GCC_541\Debug\Schak_RTC_Test.a(cyPm.o)
 .comment       0x0000006e       0x6f .\CortexM3\ARM_GCC_541\Debug\Schak_RTC_Test.a(USBUART.o)
 .comment       0x0000006e       0x6f .\CortexM3\ARM_GCC_541\Debug\Schak_RTC_Test.a(USBUART_cdc.o)
 .comment       0x0000006e       0x6f .\CortexM3\ARM_GCC_541\Debug\Schak_RTC_Test.a(USBUART_drv.o)
 .comment       0x0000006e       0x6f .\CortexM3\ARM_GCC_541\Debug\Schak_RTC_Test.a(USBUART_episr.o)
 .comment       0x0000006e       0x6f .\CortexM3\ARM_GCC_541\Debug\Schak_RTC_Test.a(USBUART_pm.o)
 .comment       0x0000006e       0x6f .\CortexM3\ARM_GCC_541\Debug\Schak_RTC_Test.a(USBUART_std.o)
 .comment       0x0000006e       0x6f .\CortexM3\ARM_GCC_541\Debug\Schak_RTC_Test.a(USBUART_vnd.o)
 .comment       0x0000006e       0x6f .\CortexM3\ARM_GCC_541\Debug\Schak_RTC_Test.a(USBUART_Dp.o)
 .comment       0x0000006e       0x6f .\CortexM3\ARM_GCC_541\Debug\Schak_RTC_Test.a(I2C.o)
 .comment       0x0000006e       0x6f .\CortexM3\ARM_GCC_541\Debug\Schak_RTC_Test.a(I2C_INT.o)
 .comment       0x0000006e       0x6f .\CortexM3\ARM_GCC_541\Debug\Schak_RTC_Test.a(I2C_PM.o)
 .comment       0x0000006e       0x6f .\CortexM3\ARM_GCC_541\Debug\Schak_RTC_Test.a(I2C_MASTER.o)
 .comment       0x0000006e       0x6f .\CortexM3\ARM_GCC_541\Debug\Schak_RTC_Test.a(SEC_COUNTER.o)
 .comment       0x0000006e       0x6f .\CortexM3\ARM_GCC_541\Debug\Schak_RTC_Test.a(DebugLED.o)
 .comment       0x0000006e       0x6f .\CortexM3\ARM_GCC_541\Debug\Schak_RTC_Test.a(CTR_SYNC_EN.o)
 .comment       0x0000006e       0x6f .\CortexM3\ARM_GCC_541\Debug\Schak_RTC_Test.a(MILLIS_COUNTER_CAPT_INT.o)
 .comment       0x0000006e       0x6f .\CortexM3\ARM_GCC_541\Debug\Schak_RTC_Test.a(MILLIS_COUNTER.o)
 .comment       0x0000006e       0x6f .\CortexM3\ARM_GCC_541\Debug\Schak_RTC_Test.a(RTC_SEC_COUNTER.o)
 .comment       0x0000006e       0x6f .\CortexM3\ARM_GCC_541\Debug\Schak_RTC_Test.a(MILLIS_CTR_CAPTSEL.o)
 .comment       0x0000006e       0x6f .\CortexM3\ARM_GCC_541\Debug\Schak_RTC_Test.a(SEC_CTR_TC_INT.o)
 .comment       0x0000006e       0x6f .\CortexM3\ARM_GCC_541\Debug\Schak_RTC_Test.a(CyFlash.o)
 .comment       0x0000006e       0x6f .\CortexM3\ARM_GCC_541\Debug\Schak_RTC_Test.a(CySpc.o)
 .comment       0x0000006e       0x6f .\CortexM3\ARM_GCC_541\Debug\Schak_RTC_Test.a(cyutils.o)
 .comment       0x0000006e       0x6f .\CortexM3\ARM_GCC_541\Debug\Schak_RTC_Test.a(USBUART_cls.o)
 .comment       0x0000006e       0x6f .\CortexM3\ARM_GCC_541\Debug\Schak_RTC_Test.a(USBUART_descr.o)

.debug_weaknames
 *(.debug_weaknames)

.debug_funcnames
 *(.debug_funcnames)

.debug_typenames
 *(.debug_typenames)

.debug_varnames
 *(.debug_varnames)

.note.gnu.arm.ident
 *(.note.gnu.arm.ident)

.ARM.attributes
                0x00000000       0x29
 *(.ARM.attributes)
 .ARM.attributes
                0x00000000       0x1d d:/applications/cypress/psoc creator/4.4/psoc creator/import/gnu/arm/5.4.1/bin/../lib/gcc/arm-none-eabi/5.4.1/armv7-m/crti.o
 .ARM.attributes
                0x0000001d       0x2d d:/applications/cypress/psoc creator/4.4/psoc creator/import/gnu/arm/5.4.1/bin/../lib/gcc/arm-none-eabi/5.4.1/armv7-m/crtbegin.o
 .ARM.attributes
                0x0000004a       0x1b d:/applications/cypress/psoc creator/4.4/psoc creator/import/gnu/arm/5.4.1/bin/../lib/gcc/arm-none-eabi/5.4.1/../../../../arm-none-eabi/lib/armv7-m/crt0.o
 .ARM.attributes
                0x00000065       0x33 .\CortexM3\ARM_GCC_541\Debug\main.o
 .ARM.attributes
                0x00000098       0x33 .\CortexM3\ARM_GCC_541\Debug\cyfitter_cfg.o
 .ARM.attributes
                0x000000cb       0x33 .\CortexM3\ARM_GCC_541\Debug\cymetadata.o
 .ARM.attributes
                0x000000fe       0x33 .\CortexM3\ARM_GCC_541\Debug\Cm3Start.o
 .ARM.attributes
                0x00000131       0x33 .\CortexM3\ARM_GCC_541\Debug\Schak_RTC_Test.a(CyLib.o)
 .ARM.attributes
                0x00000164       0x33 .\CortexM3\ARM_GCC_541\Debug\Schak_RTC_Test.a(cyPm.o)
 .ARM.attributes
                0x00000197       0x33 .\CortexM3\ARM_GCC_541\Debug\Schak_RTC_Test.a(USBUART.o)
 .ARM.attributes
                0x000001ca       0x33 .\CortexM3\ARM_GCC_541\Debug\Schak_RTC_Test.a(USBUART_cdc.o)
 .ARM.attributes
                0x000001fd       0x33 .\CortexM3\ARM_GCC_541\Debug\Schak_RTC_Test.a(USBUART_drv.o)
 .ARM.attributes
                0x00000230       0x33 .\CortexM3\ARM_GCC_541\Debug\Schak_RTC_Test.a(USBUART_episr.o)
 .ARM.attributes
                0x00000263       0x33 .\CortexM3\ARM_GCC_541\Debug\Schak_RTC_Test.a(USBUART_pm.o)
 .ARM.attributes
                0x00000296       0x33 .\CortexM3\ARM_GCC_541\Debug\Schak_RTC_Test.a(USBUART_std.o)
 .ARM.attributes
                0x000002c9       0x33 .\CortexM3\ARM_GCC_541\Debug\Schak_RTC_Test.a(USBUART_vnd.o)
 .ARM.attributes
                0x000002fc       0x33 .\CortexM3\ARM_GCC_541\Debug\Schak_RTC_Test.a(USBUART_Dp.o)
 .ARM.attributes
                0x0000032f       0x33 .\CortexM3\ARM_GCC_541\Debug\Schak_RTC_Test.a(I2C.o)
 .ARM.attributes
                0x00000362       0x33 .\CortexM3\ARM_GCC_541\Debug\Schak_RTC_Test.a(I2C_INT.o)
 .ARM.attributes
                0x00000395       0x33 .\CortexM3\ARM_GCC_541\Debug\Schak_RTC_Test.a(I2C_PM.o)
 .ARM.attributes
                0x000003c8       0x33 .\CortexM3\ARM_GCC_541\Debug\Schak_RTC_Test.a(I2C_MASTER.o)
 .ARM.attributes
                0x000003fb       0x33 .\CortexM3\ARM_GCC_541\Debug\Schak_RTC_Test.a(SEC_COUNTER.o)
 .ARM.attributes
                0x0000042e       0x33 .\CortexM3\ARM_GCC_541\Debug\Schak_RTC_Test.a(DebugLED.o)
 .ARM.attributes
                0x00000461       0x33 .\CortexM3\ARM_GCC_541\Debug\Schak_RTC_Test.a(CTR_SYNC_EN.o)
 .ARM.attributes
                0x00000494       0x33 .\CortexM3\ARM_GCC_541\Debug\Schak_RTC_Test.a(MILLIS_COUNTER_CAPT_INT.o)
 .ARM.attributes
                0x000004c7       0x33 .\CortexM3\ARM_GCC_541\Debug\Schak_RTC_Test.a(MILLIS_COUNTER.o)
 .ARM.attributes
                0x000004fa       0x33 .\CortexM3\ARM_GCC_541\Debug\Schak_RTC_Test.a(RTC_SEC_COUNTER.o)
 .ARM.attributes
                0x0000052d       0x33 .\CortexM3\ARM_GCC_541\Debug\Schak_RTC_Test.a(MILLIS_CTR_CAPTSEL.o)
 .ARM.attributes
                0x00000560       0x33 .\CortexM3\ARM_GCC_541\Debug\Schak_RTC_Test.a(SEC_CTR_TC_INT.o)
 .ARM.attributes
                0x00000593       0x21 .\CortexM3\ARM_GCC_541\Debug\Schak_RTC_Test.a(CyBootAsmGnu.o)
 .ARM.attributes
                0x000005b4       0x33 .\CortexM3\ARM_GCC_541\Debug\Schak_RTC_Test.a(CyFlash.o)
 .ARM.attributes
                0x000005e7       0x33 .\CortexM3\ARM_GCC_541\Debug\Schak_RTC_Test.a(CySpc.o)
 .ARM.attributes
                0x0000061a       0x33 .\CortexM3\ARM_GCC_541\Debug\Schak_RTC_Test.a(cyutils.o)
 .ARM.attributes
                0x0000064d       0x33 .\CortexM3\ARM_GCC_541\Debug\Schak_RTC_Test.a(USBUART_cls.o)
 .ARM.attributes
                0x00000680       0x33 .\CortexM3\ARM_GCC_541\Debug\Schak_RTC_Test.a(USBUART_descr.o)
 .ARM.attributes
                0x000006b3       0x1d d:/applications/cypress/psoc creator/4.4/psoc creator/import/gnu/arm/5.4.1/bin/../lib/gcc/arm-none-eabi/5.4.1/armv7-m\libgcc.a(_arm_addsubdf3.o)
 .ARM.attributes
                0x000006d0       0x1d d:/applications/cypress/psoc creator/4.4/psoc creator/import/gnu/arm/5.4.1/bin/../lib/gcc/arm-none-eabi/5.4.1/armv7-m\libgcc.a(_arm_muldivdf3.o)
 .ARM.attributes
                0x000006ed       0x1d d:/applications/cypress/psoc creator/4.4/psoc creator/import/gnu/arm/5.4.1/bin/../lib/gcc/arm-none-eabi/5.4.1/armv7-m\libgcc.a(_arm_fixunsdfsi.o)
 .ARM.attributes
                0x0000070a       0x1d d:/applications/cypress/psoc creator/4.4/psoc creator/import/gnu/arm/5.4.1/bin/../lib/gcc/arm-none-eabi/5.4.1/armv7-m\libgcc.a(_arm_addsubsf3.o)
 .ARM.attributes
                0x00000727       0x1d d:/applications/cypress/psoc creator/4.4/psoc creator/import/gnu/arm/5.4.1/bin/../lib/gcc/arm-none-eabi/5.4.1/armv7-m\libgcc.a(_arm_muldivsf3.o)
 .ARM.attributes
                0x00000744       0x2d d:/applications/cypress/psoc creator/4.4/psoc creator/import/gnu/arm/5.4.1/bin/../lib/gcc/arm-none-eabi/5.4.1/../../../../arm-none-eabi/lib/armv7-m\libg_nano.a(lib_a-errno.o)
 .ARM.attributes